
Allocating common symbols
Common symbol       size              file

netbufpool          0x4               binaries/net.o
readylist           0x2               binaries/ready.o
rfltab              0x5a0             binaries/rflinit.o
netportseed         0x8               binaries/net.o
sleepq              0x2               binaries/clkinit.o
dev1                0x4               binaries/shell.o
nnames              0x4               binaries/naminit.o
udptab              0x168             binaries/udp.o
minheap             0x4               binaries/meminit.o
marks               0x50              binaries/mark.o
currpid             0x4               binaries/initialize.o
Lf_data             0x20c             binaries/lfsinit.o
porttab             0x2d0             binaries/ptinit.o
girmask             0x2               binaries/evec.o
ttytab              0x110             binaries/ttyinit.o
proctab             0x15e0            binaries/initialize.o
prcount             0x4               binaries/initialize.o
lfltab              0xf00             binaries/lflinit.o
rdstab              0x8c              binaries/rdsinit.o
ethertab            0x130             binaries/ethinit.o
NetData             0xb0              binaries/net.o
nmarks              0x4               binaries/mark.o
initsp              0x4               binaries/i386.o
Defer               0x8               binaries/resched.o
semtab              0x4b0             binaries/initialize.o
maxheap             0x4               binaries/meminit.o
preempt             0x4               binaries/clkinit.o
buftab              0xf0              binaries/bufinit.o
Rf_data             0x18              binaries/rfsinit.o
mkmutex             0x4               binaries/mark.o
clktime             0x4               binaries/clkinit.o
arpcache            0x140             binaries/arp.o
icmptab             0x230             binaries/icmp.o
nbpools             0x4               binaries/bufinit.o
queuetab            0x980             binaries/queue.o
ptnextid            0x4               binaries/ptinit.o
Ram                 0x19000           binaries/raminit.o
ipoqueue            0x2c              binaries/ip.o
memlist             0x8               binaries/initialize.o
nametab             0x19a0            binaries/naminit.o
ptfree              0x4               binaries/ptinit.o

Memory Configuration

Name             Origin             Length             Attributes
*default*        0x0000000000000000 0xffffffffffffffff

Linker script and memory map

                0x0000000000100000                physbase = 0x100000
                0x0000000000100000                . = physbase
                0x0000000000100000                . = ALIGN (0x1000)

.text           0x0000000000100000    0x1b000
                0x0000000000100000                text = ABSOLUTE (.)
 *(.text .text.*)
 .text          0x0000000000100000      0x165 binaries/start.o
                0x0000000000100020                entry
                0x000000000010003d                start
                0x00000000001000a5                inb
                0x00000000001000ad                inw
                0x00000000001000b6                inl
                0x00000000001000be                outb
                0x00000000001000c8                outw
                0x00000000001000d3                outl
                0x00000000001000dd                _rtcin
                0x00000000001000e8                ___udivsi3
                0x00000000001000f3                ___divsi3
                0x00000000001000ff                sbzero
                0x000000000010010f                bcopy
                0x0000000000100123                insw
                0x0000000000100139                outsw
                0x000000000010014f                lidt
                0x0000000000100157                jumptocode
                0x000000000010015e                jumptobootcode
 .text          0x0000000000100165      0x3e3 binaries/ascdate.o
                0x0000000000100165                ascdate
 .text          0x0000000000100548       0x14 binaries/bufinit.o
                0x0000000000100548                bufinit
 .text          0x000000000010055c       0x94 binaries/chprio.o
                0x000000000010055c                chprio
 .text          0x00000000001005f0       0x96 binaries/clkhandler.o
                0x00000000001005f0                clkhandler
 .text          0x0000000000100686       0x7e binaries/clkinit.o
                0x0000000000100686                clkinit
 .text          0x0000000000100704       0x75 binaries/close.o
                0x0000000000100704                close
 .text          0x0000000000100779        0x0 binaries/conf.o
 .text          0x0000000000100779       0x7b binaries/control.o
                0x0000000000100779                control
 .text          0x00000000001007f4      0x2c0 binaries/create.o
                0x00000000001007f4                create
 .text          0x0000000000100ab4      0x359 binaries/evec.o
                0x0000000000100ab4                initevec
                0x0000000000100b0b                set_evec
                0x0000000000100bad                trap
 .text          0x0000000000100e0d       0x19 binaries/exit.o
                0x0000000000100e0d                exit
 .text          0x0000000000100e26       0x8c binaries/freebuf.o
                0x0000000000100e26                freebuf
 .text          0x0000000000100eb2      0x172 binaries/freemem.o
                0x0000000000100eb2                freemem
 .text          0x0000000000101024       0x8a binaries/getbuf.o
                0x0000000000101024                getbuf
 .text          0x00000000001010ae       0x75 binaries/getc.o
                0x00000000001010ae                getc
 .text          0x0000000000101123       0x74 binaries/getdev.o
                0x0000000000101123                getdev
 .text          0x0000000000101197       0xd0 binaries/getitem.o
                0x0000000000101197                getfirst
                0x00000000001011dc                getlast
                0x0000000000101223                getitem
 .text          0x0000000000101267      0x10a binaries/getmem.o
                0x0000000000101267                getmem
 .text          0x0000000000101371        0xa binaries/getpid.o
                0x0000000000101371                getpid
 .text          0x000000000010137b       0x7d binaries/getprio.o
                0x000000000010137b                getprio
 .text          0x00000000001013f8       0xfb binaries/getstk.o
                0x00000000001013f8                getstk
 .text          0x00000000001014f3       0x16 binaries/getticks.o
                0x00000000001014f3                getticks
 .text          0x0000000000101509       0x3a binaries/gettime.o
                0x0000000000101509                gettime
 .text          0x0000000000101543      0x1e4 binaries/getutime.o
                0x0000000000101543                getutime
 .text          0x0000000000101727      0x3c5 binaries/i386.o
                0x0000000000101727                setsegs
                0x0000000000101839                init8259
                0x00000000001018eb                pseg
                0x0000000000101a93                setirmask
 .text          0x0000000000101aec       0x75 binaries/init.o
                0x0000000000101aec                init
 .text          0x0000000000101b61      0x3c8 binaries/initialize.o
                0x0000000000101b61                nulluser
                0x0000000000101ed0                stop
                0x0000000000101efb                delay
 .text          0x0000000000101f29       0xde binaries/insert.o
                0x0000000000101f29                insert
 .text          0x0000000000102007      0x110 binaries/insertd.o
                0x0000000000102007                insertd
 .text          0x0000000000102117        0xa binaries/ioerr.o
                0x0000000000102117                ioerr
 .text          0x0000000000102121        0xa binaries/ionull.o
                0x0000000000102121                ionull
 .text          0x000000000010212b      0x19d binaries/kill.o
                0x000000000010212b                kill
 .text          0x00000000001022c8      0x14e binaries/kprintf.o
                0x00000000001022c8                kputc
                0x000000000010235b                kgetc
                0x00000000001023ec                kprintf
 .text          0x0000000000102416       0x95 binaries/main.o
                0x0000000000102416                main
 .text          0x00000000001024ab       0xb5 binaries/mark.o
                0x00000000001024ab                markinit
                0x00000000001024cf                mark
 .text          0x0000000000102560       0xcc binaries/meminit.o
                0x0000000000102560                meminit
 .text          0x000000000010262c      0x174 binaries/mkbufpool.o
                0x000000000010262c                mkbufpool
 .text          0x00000000001027a0       0x94 binaries/newqueue.o
                0x00000000001027a0                newqueue
 .text          0x0000000000102834       0x7b binaries/open.o
                0x0000000000102834                open
 .text          0x00000000001028af       0x20 binaries/panic.o
                0x00000000001028af                panic
 .text          0x00000000001028cf      0x489 binaries/pci.o
                0x00000000001028cf                pci_init
                0x0000000000102b8c                find_pci_device
                0x0000000000102bda                pci_bios_read_config_byte
                0x0000000000102c19                pci_bios_read_config_word
                0x0000000000102c5b                pci_bios_read_config_dword
                0x0000000000102c9a                pci_bios_write_config_byte
                0x0000000000102cdb                pci_bios_write_config_word
                0x0000000000102d1d                pci_bios_write_config_dword
 .text          0x0000000000102d58       0xf1 binaries/ptclear.o
                0x0000000000102d58                _ptclear
 .text          0x0000000000102e49       0x9d binaries/ptcount.o
                0x0000000000102e49                ptcount
 .text          0x0000000000102ee6      0x116 binaries/ptcreate.o
                0x0000000000102ee6                ptcreate
 .text          0x0000000000102ffc       0x7f binaries/ptdelete.o
                0x0000000000102ffc                ptdelete
 .text          0x000000000010307b       0xbf binaries/ptinit.o
                0x000000000010307b                ptinit
 .text          0x000000000010313a      0x11b binaries/ptrecv.o
                0x000000000010313a                ptrecv
 .text          0x0000000000103255       0x77 binaries/ptreset.o
                0x0000000000103255                ptreset
 .text          0x00000000001032cc      0x13d binaries/ptsend.o
                0x00000000001032cc                ptsend
 .text          0x0000000000103409       0x80 binaries/putc.o
                0x0000000000103409                putc
 .text          0x0000000000103489      0x111 binaries/queue.o
                0x0000000000103489                enqueue
                0x000000000010352d                dequeue
 .text          0x000000000010359a       0x7b binaries/read.o
                0x000000000010359a                read
 .text          0x0000000000103615       0x7e binaries/ready.o
                0x0000000000103615                ready
 .text          0x0000000000103693       0x62 binaries/receive.o
                0x0000000000103693                receive
 .text          0x00000000001036f5       0x5e binaries/recvclr.o
                0x00000000001036f5                recvclr
 .text          0x0000000000103753       0xbd binaries/recvtime.o
                0x0000000000103753                recvtime
 .text          0x0000000000103810      0x16c binaries/resched.o
                0x0000000000103810                resched
                0x0000000000103907                resched_cntl
 .text          0x000000000010397c       0xb1 binaries/resume.o
                0x000000000010397c                resume
 .text          0x0000000000103a2d       0x79 binaries/seek.o
                0x0000000000103a2d                seek
 .text          0x0000000000103aa6       0x70 binaries/semcount.o
                0x0000000000103aa6                semcount
 .text          0x0000000000103b16       0xd6 binaries/semcreate.o
                0x0000000000103b16                semcreate
 .text          0x0000000000103bec       0xcd binaries/semdelete.o
                0x0000000000103bec                semdelete
 .text          0x0000000000103cb9       0xcb binaries/semreset.o
                0x0000000000103cb9                semreset
 .text          0x0000000000103d84       0xed binaries/send.o
                0x0000000000103d84                send
 .text          0x0000000000103e71       0xa8 binaries/signal.o
                0x0000000000103e71                signal
 .text          0x0000000000103f19       0xd6 binaries/signaln.o
                0x0000000000103f19                signaln
 .text          0x0000000000103fef       0xed binaries/sleep.o
                0x0000000000103fef                sleep
                0x000000000010403d                sleepms
 .text          0x00000000001040dc      0x192 binaries/stacktrace.o
                0x00000000001040dc                stacktrace
 .text          0x000000000010426e       0xe7 binaries/suspend.o
                0x000000000010426e                suspend
 .text          0x0000000000104355       0xe9 binaries/unsleep.o
                0x0000000000104355                unsleep
 .text          0x000000000010443e       0x19 binaries/userret.o
                0x000000000010443e                userret
 .text          0x0000000000104457       0xdd binaries/wait.o
                0x0000000000104457                wait
 .text          0x0000000000104534       0x72 binaries/wakeup.o
                0x0000000000104534                wakeup
 .text          0x00000000001045a6       0xca binaries/Win.o
                0x00000000001045a6                Win
 .text          0x0000000000104670       0x7b binaries/write.o
                0x0000000000104670                write
 .text          0x00000000001046eb       0x1d binaries/xdone.o
                0x00000000001046eb                xdone
 .text          0x0000000000104708       0x28 binaries/yield.o
                0x0000000000104708                yield
 .text          0x0000000000104730       0x11 binaries/abs.o
                0x0000000000104730                abs
 .text          0x0000000000104741       0x8f binaries/atoi.o
                0x0000000000104741                atoi
 .text          0x00000000001047d0       0x8f binaries/atol.o
                0x00000000001047d0                atol
 .text          0x000000000010485f       0x31 binaries/bzero.o
                0x000000000010485f                bzero
 .text          0x0000000000104890        0x0 binaries/ctype_.o
 .text          0x0000000000104890      0x8ed binaries/doprnt.o
                0x0000000000104890                _doprnt
 .text          0x000000000010517d      0x65c binaries/doscan.o
                0x000000000010517d                _doscan
 .text          0x00000000001057d9      0x711 binaries/fdoprnt.o
                0x00000000001057d9                _fdoprnt
 .text          0x0000000000105eea       0x29 binaries/fgetc.o
                0x0000000000105eea                fgetc
 .text          0x0000000000105f13       0x75 binaries/fgets.o
                0x0000000000105f13                fgets
 .text          0x0000000000105f88       0x2a binaries/fprintf.o
                0x0000000000105f88                fprintf
 .text          0x0000000000105fb2       0x2c binaries/fputc.o
                0x0000000000105fb2                fputc
 .text          0x0000000000105fde       0x43 binaries/fputs.o
                0x0000000000105fde                fputs
 .text          0x0000000000106021       0x8a binaries/fscanf.o
                0x0000000000106021                fscanf
 .text          0x00000000001060ab       0x32 binaries/getchar.o
                0x00000000001060ab                getchar
 .text          0x00000000001060dd       0x11 binaries/labs.o
                0x00000000001060dd                labs
 .text          0x00000000001060ee        0x0 binaries/memchr.o
 .text          0x00000000001060ee       0x51 binaries/memcmp.o
                0x00000000001060ee                memcmp
 .text          0x000000000010613f       0x3f binaries/memcpy.o
                0x000000000010613f                memcpy
 .text          0x000000000010617e       0x30 binaries/memset.o
                0x000000000010617e                memset
 .text          0x00000000001061ae       0x48 binaries/printf.o
                0x00000000001061ae                printf
 .text          0x00000000001061f6       0x35 binaries/putchar.o
                0x00000000001061f6                putchar
 .text          0x000000000010622b      0x27e binaries/qsort.o
                0x000000000010622b                qsort
 .text          0x00000000001064a9       0x63 binaries/rand.o
                0x00000000001064a9                rand
                0x00000000001064c1                rand_r
                0x00000000001064ff                srand
 .text          0x000000000010650c       0x66 binaries/sprintf.o
                0x000000000010650c                sprintf
 .text          0x0000000000106572       0x70 binaries/sscanf.o
                0x0000000000106572                sscanf
 .text          0x00000000001065e2       0x3c binaries/strchr.o
                0x00000000001065e2                strchr
 .text          0x000000000010661e       0x45 binaries/strcmp.o
                0x000000000010661e                strcmp
 .text          0x0000000000106663       0x27 binaries/strcpy.o
                0x0000000000106663                strcpy
 .text          0x000000000010668a       0x26 binaries/strlen.o
                0x000000000010668a                strlen
 .text          0x00000000001066b0       0x56 binaries/strncat.o
                0x00000000001066b0                strncat
 .text          0x0000000000106706       0x5f binaries/strncmp.o
                0x0000000000106706                strncmp
 .text          0x0000000000106765       0x4f binaries/strncpy.o
                0x0000000000106765                strncpy
 .text          0x00000000001067b4       0x2e binaries/strnlen.o
                0x00000000001067b4                strnlen
 .text          0x00000000001067e2       0x45 binaries/strrchr.o
                0x00000000001067e2                strrchr
 .text          0x0000000000106827       0x6d binaries/strstr.o
                0x0000000000106827                strstr
 .text          0x0000000000106894       0xe4 binaries/ttycontrol.o
                0x0000000000106894                ttycontrol
 .text          0x0000000000106978       0x97 binaries/ttygetc.o
                0x0000000000106978                ttygetc
 .text          0x0000000000106a0f      0x6ee binaries/ttyhandle_in.o
                0x0000000000106a0f                ttyhandle_in
 .text          0x00000000001070fd      0x1ae binaries/ttyhandle_out.o
                0x00000000001070fd                ttyhandle_out
 .text          0x00000000001072ab       0xce binaries/ttyhandler.o
                0x00000000001072ab                ttyhandler
 .text          0x0000000000107379      0x22f binaries/ttyinit.o
                0x0000000000107379                ttyinit
 .text          0x00000000001075a8       0x1b binaries/ttykickout.o
                0x00000000001075a8                ttykickout
 .text          0x00000000001075c3       0xb7 binaries/ttyputc.o
                0x00000000001075c3                ttyputc
 .text          0x000000000010767a      0x11b binaries/ttyread.o
                0x000000000010767a                ttyread
 .text          0x0000000000107795       0x4f binaries/ttywrite.o
                0x0000000000107795                ttywrite
 .text          0x00000000001077e4      0x14b binaries/mount.o
                0x00000000001077e4                mount
                0x00000000001078f9                namlen
 .text          0x000000000010792f      0x1ea binaries/naminit.o
                0x000000000010792f                naminit
 .text          0x0000000000107b19      0x211 binaries/nammap.o
                0x0000000000107b19                nammap
                0x0000000000107ba4                namrepl
                0x0000000000107cda                namcpy
 .text          0x0000000000107d2a       0x4e binaries/namopen.o
                0x0000000000107d2a                namopen
 .text          0x0000000000107d78      0xec3 binaries/82545EMInit.o
                0x0000000000107dd6                _82545EMInit
                0x0000000000108aa7                _82545EM_read_phy_reg
                0x0000000000108b6d                _82545EM_write_phy_reg
 .text          0x0000000000108c3b      0x241 binaries/ethcontrol.o
                0x0000000000108c99                ethcontrol
                0x0000000000108e0f                ethIrqDisable
                0x0000000000108e44                ethIrqEnable
 .text          0x0000000000108e7c      0x252 binaries/ethhandler.o
                0x0000000000108fec                ethhandler
 .text          0x00000000001090ce      0x126 binaries/ethinit.o
                0x00000000001090ce                ethinit
 .text          0x00000000001091f4      0x1f4 binaries/ethread.o
                0x0000000000109252                ethread
 .text          0x00000000001093e8      0x19f binaries/ethwrite.o
                0x0000000000109446                ethwrite
 .text          0x0000000000109587       0x9e binaries/rdsbufalloc.o
                0x0000000000109587                rdsbufalloc
 .text          0x0000000000109625       0xcc binaries/rdsclose.o
                0x0000000000109625                rdsclose
 .text          0x00000000001096f1      0x2e8 binaries/rdscomm.o
                0x00000000001096f1                rdscomm
 .text          0x00000000001099d9      0x233 binaries/rdscontrol.o
                0x00000000001099d9                rdscontrol
 .text          0x0000000000109c0c      0x1f3 binaries/rdsinit.o
                0x0000000000109c0c                rdsinit
 .text          0x0000000000109dff      0x19b binaries/rdsopen.o
                0x0000000000109dff                rdsopen
 .text          0x0000000000109f9a      0x461 binaries/rdsprocess.o
                0x0000000000109f9a                rdsprocess
 .text          0x000000000010a3fb      0x259 binaries/rdsread.o
                0x000000000010a3fb                rdsread
 .text          0x000000000010a654      0x1fe binaries/rdswrite.o
                0x000000000010a654                rdswrite
 .text          0x000000000010a852        0xa binaries/ramclose.o
                0x000000000010a852                ramclose
 .text          0x000000000010a85c       0x3e binaries/raminit.o
                0x000000000010a85c                raminit
 .text          0x000000000010a89a        0xa binaries/ramopen.o
                0x000000000010a89a                ramopen
 .text          0x000000000010a8a4       0x32 binaries/ramread.o
                0x000000000010a8a4                ramread
 .text          0x000000000010a8d6       0x32 binaries/ramwrite.o
                0x000000000010a8d6                ramwrite
 .text          0x000000000010a908       0x98 binaries/lfdballoc.o
                0x000000000010a908                lfdballoc
 .text          0x000000000010a9a0       0x58 binaries/lfdbfree.o
                0x000000000010a9a0                lfdbfree
 .text          0x000000000010a9f8       0xb6 binaries/lfflush.o
                0x000000000010a9f8                lfflush
 .text          0x000000000010aaae       0xd8 binaries/lfgetmode.o
                0x000000000010aaae                lfgetmode
 .text          0x000000000010ab86       0x68 binaries/lfiballoc.o
                0x000000000010ab86                lfiballoc
 .text          0x000000000010abee       0x3b binaries/lfibclear.o
                0x000000000010abee                lfibclear
 .text          0x000000000010ac29       0xad binaries/lfibget.o
                0x000000000010ac29                lfibget
 .text          0x000000000010acd6       0xdc binaries/lfibput.o
                0x000000000010acd6                lfibput
 .text          0x000000000010adb2       0xa2 binaries/lflclose.o
                0x000000000010adb2                lflclose
 .text          0x000000000010ae54       0xd0 binaries/lflcontrol.o
                0x000000000010ae54                lflcontrol
 .text          0x000000000010af24       0xf2 binaries/lflgetc.o
                0x000000000010af24                lflgetc
 .text          0x000000000010b016       0xf1 binaries/lflinit.o
                0x000000000010b016                lflinit
 .text          0x000000000010b107      0x122 binaries/lflputc.o
                0x000000000010b107                lflputc
 .text          0x000000000010b229       0x70 binaries/lflread.o
                0x000000000010b229                lflread
 .text          0x000000000010b299       0xac binaries/lflseek.o
                0x000000000010b299                lflseek
 .text          0x000000000010b345       0x55 binaries/lflwrite.o
                0x000000000010b345                lflwrite
 .text          0x000000000010b39a       0x62 binaries/lfscheck.o
                0x000000000010b39a                lfscheck
 .text          0x000000000010b3fc      0x175 binaries/lfsckfmt.o
                0x000000000010b3fc                lfsckfmt
 .text          0x000000000010b571      0x1ad binaries/lfscreate.o
                0x000000000010b571                lfscreate
 .text          0x000000000010b71e      0x278 binaries/lfsetup.o
                0x000000000010b71e                lfsetup
 .text          0x000000000010b996       0x51 binaries/lfsinit.o
                0x000000000010b996                lfsinit
 .text          0x000000000010b9e7      0x3c0 binaries/lfsopen.o
                0x000000000010b9e7                lfsopen
 .text          0x000000000010bda7      0x15e binaries/lftruncate.o
                0x000000000010bda7                lftruncate
 .text          0x000000000010bf05       0x71 binaries/rflclose.o
                0x000000000010bf05                rflclose
 .text          0x000000000010bf76       0x32 binaries/rflgetc.o
                0x000000000010bf76                rflgetc
 .text          0x000000000010bfa8       0x76 binaries/rflinit.o
                0x000000000010bfa8                rflinit
 .text          0x000000000010c01e       0x33 binaries/rflputc.o
                0x000000000010c01e                rflputc
 .text          0x000000000010c051      0x360 binaries/rflread.o
                0x000000000010c051                rflread
 .text          0x000000000010c3b1       0x74 binaries/rflseek.o
                0x000000000010c3b1                rflseek
 .text          0x000000000010c425      0x34d binaries/rflwrite.o
                0x000000000010c425                rflwrite
 .text          0x000000000010c772      0x1e2 binaries/rfscomm.o
                0x000000000010c772                rfscomm
 .text          0x000000000010c954      0x26d binaries/rfscontrol.o
                0x000000000010c954                rfscontrol
 .text          0x000000000010cbc1       0xd8 binaries/rfsgetmode.o
                0x000000000010cbc1                rfsgetmode
 .text          0x000000000010cc99       0x86 binaries/rfsinit.o
                0x000000000010cc99                rfsinit
 .text          0x000000000010cd1f      0x111 binaries/rfsndmsg.o
                0x000000000010cd1f                rfsndmsg
 .text          0x000000000010ce30      0x2aa binaries/rfsopen.o
                0x000000000010ce30                rfsopen
 .text          0x000000000010d0da      0x836 binaries/arp.o
                0x000000000010d0da                arp_init
                0x000000000010d10c                arp_resolve
                0x000000000010d3c0                arp_in
                0x000000000010d678                arp_alloc
                0x000000000010d738                arp_ntoh
                0x000000000010d824                arp_hton
 .text          0x000000000010d910      0x8e3 binaries/dhcp.o
                0x000000000010d910                dhcp_get_opt_val
                0x000000000010d969                dhcp_bld_bootp_msg
                0x000000000010da76                dhcp_bld_disc
                0x000000000010db5f                dhcp_bld_req
                0x000000000010dcd1                getlocalip
 .text          0x000000000010e1f3      0x59f binaries/dns.o
                0x000000000010e1f3                dnslookup
 .text          0x000000000010e792       0xe8 binaries/dot2ip.o
                0x000000000010e792                dot2ip
 .text          0x000000000010e87a      0x4c4 binaries/hexdump.o
                0x000000000010e87a                hexdump
                0x000000000010ea21                hexadump
 .text          0x000000000010ed3e      0x8af binaries/icmp.o
                0x000000000010ed3e                icmp_init
                0x000000000010ed75                icmp_in
                0x000000000010ef4b                icmp_register
                0x000000000010f046                icmp_recv
                0x000000000010f1d2                icmp_send
                0x000000000010f25a                icmp_mkpkt
                0x000000000010f374                icmp_release
                0x000000000010f472                icmp_cksum
                0x000000000010f505                icmp_hton
                0x000000000010f579                icmp_ntoh
 .text          0x000000000010f5ed      0x8a5 binaries/ip.o
                0x000000000010f5ed                ip_in
                0x000000000010f771                ip_send
                0x000000000010f8cc                ip_local
                0x000000000010f918                ip_out
                0x000000000010fa51                ipcksum
                0x000000000010fad7                ip_ntoh
                0x000000000010fbc3                ip_hton
                0x000000000010fcaf                ipout
                0x000000000010fdde                ip_enqueue
 .text          0x000000000010fe92      0x2cd binaries/net.o
                0x000000000010fe92                net_init
                0x000000000010ffba                netin
                0x0000000000110077                eth_hton
                0x00000000001100a1                eth_ntoh
                0x00000000001100cb                getport
 .text          0x000000000011015f     0x147f binaries/pdump.o
                0x000000000011015f                pdump
                0x0000000000110f1c                pdumph
 .text          0x00000000001115de      0x613 binaries/tftp.o
                0x00000000001115de                tftp_send1
                0x0000000000111756                tftpget
                0x0000000000111788                tftpget_mb
 .text          0x0000000000111bf1      0xb82 binaries/udp.o
                0x0000000000111bf1                udp_init
                0x0000000000111c26                udp_in
                0x0000000000111d68                udp_register
                0x0000000000111ea5                udp_recv
                0x0000000000112041                udp_recvaddr
                0x00000000001121f5                udp_send
                0x00000000001123dd                udp_sendto
                0x000000000011258e                udp_release
                0x0000000000112689                udp_ntoh
                0x00000000001126fe                udp_hton
 .text          0x0000000000112773      0x13b binaries/addargs.o
                0x0000000000112773                addargs
 .text          0x00000000001128ae      0x2c9 binaries/lexan.o
                0x00000000001128ae                lexan
 .text          0x0000000000112b77      0x6a6 binaries/shell.o
                0x0000000000112b77                shell
 .text          0x000000000011321d       0x69 binaries/xsh_argecho.o
                0x000000000011321d                xsh_argecho
 .text          0x0000000000113286      0x275 binaries/xsh_arp.o
                0x0000000000113286                xsh_arp
 .text          0x00000000001134fb      0x124 binaries/xsh_calculator.o
                0x00000000001134fb                xsh_calculator
 .text          0x000000000011361f      0x275 binaries/xsh_cat.o
                0x000000000011361f                xsh_cat
 .text          0x0000000000113894       0x5f binaries/xsh_clear.o
                0x0000000000113894                xsh_clear
 .text          0x00000000001138f3      0x2ff binaries/xsh_date.o
                0x00000000001138f3                xsh_date
 .text          0x0000000000113bf2       0xaf binaries/xsh_devdump.o
                0x0000000000113bf2                xsh_devdump
 .text          0x0000000000113ca1       0x72 binaries/xsh_echo.o
                0x0000000000113ca1                xsh_echo
 .text          0x0000000000113d13        0xa binaries/xsh_exit.o
                0x0000000000113d13                xsh_exit
 .text          0x0000000000113d1d      0x38b binaries/xsh_help.o
                0x0000000000113d1d                xsh_help
 .text          0x00000000001140a8      0x24e binaries/xsh_kill.o
                0x00000000001140a8                xsh_kill
 .text          0x00000000001142f6      0x54b binaries/xsh_memdump.o
                0x00000000001142f6                xsh_memdump
 .text          0x0000000000114841      0x2b1 binaries/xsh_memstat.o
                0x0000000000114841                xsh_memstat
 .text          0x0000000000114af2      0x511 binaries/xsh_netinfo.o
                0x0000000000114af2                xsh_netinfo
 .text          0x0000000000115003      0x498 binaries/xsh_ping.o
                0x0000000000115003                xsh_ping
 .text          0x000000000011549b      0x229 binaries/xsh_ps.o
                0x000000000011549b                xsh_ps
 .text          0x00000000001156c4      0x22a binaries/xsh_sleep.o
                0x00000000001156c4                xsh_sleep
 .text          0x00000000001158ee      0x18c binaries/xsh_timer.o
                0x00000000001158ee                xsh_timer
 .text          0x0000000000115a7a      0x27c binaries/xsh_udpdump.o
                0x0000000000115a7a                xsh_udpdump
 .text          0x0000000000115cf6      0x4cc binaries/xsh_udpecho.o
                0x0000000000115cf6                xsh_udpecho
 .text          0x00000000001161c2      0x2b6 binaries/xsh_udpserver.o
                0x00000000001161c2                xsh_udpeserver
 .text          0x0000000000116478      0x1f5 binaries/xsh_uptime.o
                0x0000000000116478                xsh_uptime
 .text          0x000000000011666d        0xe binaries/clkdisp.o
                0x000000000011666d                clkdisp
 .text          0x000000000011667b       0x19 binaries/ctxsw.o
                0x000000000011667b                ctxsw
 .text          0x0000000000116694      0x36b binaries/intr.o
                0x0000000000116694                disable
                0x000000000011669d                restore
                0x00000000001166ab                enable
                0x00000000001166ad                pause
                0x00000000001166b4                halt
                0x00000000001166ba                spurious_irq7
                0x00000000001166bf                spurious_irq15
                0x00000000001166ce                _Xint0
                0x00000000001166d9                _Xint1
                0x00000000001166e4                _Xint2
                0x00000000001166ef                _Xint3
                0x00000000001166fa                _Xint4
                0x0000000000116705                _Xint5
                0x0000000000116710                _Xint6
                0x000000000011671b                _Xint7
                0x0000000000116726                _Xint8
                0x0000000000116731                _Xint9
                0x000000000011673c                _Xint10
                0x0000000000116747                _Xint11
                0x0000000000116755                _Xint12
                0x0000000000116763                _Xint13
                0x0000000000116771                _Xint14
                0x000000000011677f                _Xint15
                0x000000000011678d                _Xint16
                0x000000000011679b                _Xint17
                0x00000000001167a9                _Xint18
                0x00000000001167b7                _Xint19
                0x00000000001167c5                _Xint20
                0x00000000001167d3                _Xint21
                0x00000000001167e1                _Xint22
                0x00000000001167ef                _Xint23
                0x00000000001167fd                _Xint24
                0x000000000011680b                _Xint25
                0x0000000000116819                _Xint26
                0x0000000000116827                _Xint27
                0x0000000000116835                _Xint28
                0x0000000000116843                _Xint29
                0x0000000000116851                _Xint30
                0x000000000011685f                _Xint31
                0x000000000011686d                _Xint32
                0x000000000011687b                _Xint33
                0x0000000000116889                _Xint34
                0x0000000000116897                _Xint35
                0x00000000001168a5                _Xint36
                0x00000000001168b3                _Xint37
                0x00000000001168c1                _Xint38
                0x00000000001168cf                _Xint39
                0x00000000001168dd                _Xint40
                0x00000000001168eb                _Xint41
                0x00000000001168f9                _Xint42
                0x0000000000116907                _Xint43
                0x0000000000116915                _Xint44
                0x0000000000116923                _Xint45
                0x0000000000116931                _Xint46
                0x000000000011693f                defevec
 .text          0x00000000001169ff        0xf binaries/ttydispatch.o
                0x00000000001169ff                ttydispatch
 .text          0x0000000000116a0e       0x13 binaries/ethdispatch.o
                0x0000000000116a0e                ethdispatch
 *(.rodata .rodata.*)
 *fill*         0x0000000000116a21        0x3 
 .rodata        0x0000000000116a24       0x8e binaries/ascdate.o
 .rodata        0x0000000000116ab2       0xae binaries/conf.o
 .rodata        0x0000000000116b60      0x22f binaries/evec.o
 *fill*         0x0000000000116d8f        0x1 
 .rodata        0x0000000000116d90       0x61 binaries/getutime.o
 *fill*         0x0000000000116df1        0x3 
 .rodata        0x0000000000116df4       0x90 binaries/i386.o
 .rodata        0x0000000000116e84      0x180 binaries/initialize.o
 .rodata        0x0000000000117004       0x20 binaries/kill.o
 .rodata        0x0000000000117024       0x2a binaries/main.o
 .rodata        0x000000000011704e        0xf binaries/panic.o
 *fill*         0x000000000011705d        0x3 
 .rodata        0x0000000000117060      0x1ec binaries/pci.o
 .rodata        0x000000000011724c       0x1d binaries/ptinit.o
 *fill*         0x0000000000117269        0x3 
 .rodata        0x000000000011726c       0x25 binaries/ptsend.o
 *fill*         0x0000000000117291        0x3 
 .rodata        0x0000000000117294       0xb7 binaries/stacktrace.o
 *fill*         0x000000000011734b        0x1 
 .rodata        0x000000000011734c      0x176 binaries/Win.o
 *fill*         0x00000000001174c2        0x2 
 .rodata        0x00000000001174c4       0x27 binaries/xdone.o
 *fill*         0x00000000001174eb       0x15 
 .rodata        0x0000000000117500       0x81 binaries/ctype_.o
                0x0000000000117500                _ctype_
 *fill*         0x0000000000117581        0x3 
 .rodata        0x0000000000117584       0xee binaries/doprnt.o
 *fill*         0x0000000000117672        0x2 
 .rodata        0x0000000000117674       0x98 binaries/doscan.o
 .rodata        0x000000000011770c       0xae binaries/fdoprnt.o
 *fill*         0x00000000001177ba        0x2 
 .rodata        0x00000000001177bc       0x20 binaries/ttycontrol.o
 .rodata        0x00000000001177dc       0x34 binaries/ttyhandler.o
 .rodata        0x0000000000117810       0x80 binaries/naminit.o
 .rodata        0x0000000000117890       0x2e binaries/82545EMInit.o
 *fill*         0x00000000001178be        0x2 
 .rodata        0x00000000001178c0       0x78 binaries/ethinit.o
 .rodata        0x0000000000117938       0x18 binaries/ethread.o
 .rodata        0x0000000000117950       0x2c binaries/rdsbufalloc.o
 .rodata        0x000000000011797c       0x76 binaries/rdscomm.o
 *fill*         0x00000000001179f2        0x2 
 .rodata        0x00000000001179f4       0x48 binaries/rdscontrol.o
 .rodata        0x0000000000117a3c       0x96 binaries/rdsinit.o
 *fill*         0x0000000000117ad2        0x2 
 .rodata        0x0000000000117ad4       0x22 binaries/rdsopen.o
 *fill*         0x0000000000117af6        0x2 
 .rodata        0x0000000000117af8       0x4d binaries/rdsprocess.o
 .rodata        0x0000000000117b45        0x9 binaries/raminit.o
 *fill*         0x0000000000117b4e        0x2 
 .rodata        0x0000000000117b50       0x37 binaries/lfdballoc.o
 .rodata        0x0000000000117b87       0x14 binaries/lfiballoc.o
 *fill*         0x0000000000117b9b        0x1 
 .rodata        0x0000000000117b9c       0x23 binaries/lflcontrol.o
 *fill*         0x0000000000117bbf        0x1 
 .rodata        0x0000000000117bc0      0x11b binaries/lfsckfmt.o
 *fill*         0x0000000000117cdb        0x1 
 .rodata        0x0000000000117cdc       0x2a binaries/lfsopen.o
 *fill*         0x0000000000117d06        0x2 
 .rodata        0x0000000000117d08       0x21 binaries/rflread.o
 *fill*         0x0000000000117d29        0x3 
 .rodata        0x0000000000117d2c       0x21 binaries/rflwrite.o
 *fill*         0x0000000000117d4d        0x3 
 .rodata        0x0000000000117d50       0x75 binaries/rfscomm.o
 *fill*         0x0000000000117dc5        0x3 
 .rodata        0x0000000000117dc8       0x3c binaries/rfscontrol.o
 .rodata        0x0000000000117e04       0x63 binaries/rfsinit.o
 *fill*         0x0000000000117e67        0x1 
 .rodata        0x0000000000117e68       0x2a binaries/rfsndmsg.o
 *fill*         0x0000000000117e92        0x2 
 .rodata        0x0000000000117e94       0x22 binaries/rfsopen.o
 *fill*         0x0000000000117eb6        0x2 
 .rodata        0x0000000000117eb8       0x3a binaries/arp.o
 *fill*         0x0000000000117ef2        0x2 
 .rodata        0x0000000000117ef4       0xcf binaries/dhcp.o
 .rodata        0x0000000000117fc3       0x1a binaries/dns.o
 *fill*         0x0000000000117fdd        0x3 
 .rodata        0x0000000000117fe0       0xc9 binaries/hexdump.o
 *fill*         0x00000000001180a9        0x3 
 .rodata        0x00000000001180ac       0x29 binaries/icmp.o
 *fill*         0x00000000001180d5        0x3 
 .rodata        0x00000000001180d8       0x6e binaries/ip.o
 *fill*         0x0000000000118146        0x2 
 .rodata        0x0000000000118148       0x4f binaries/net.o
 *fill*         0x0000000000118197        0x1 
 .rodata        0x0000000000118198      0x26f binaries/pdump.o
 *fill*         0x0000000000118407        0x1 
 .rodata        0x0000000000118408      0x154 binaries/tftp.o
 *fill*         0x000000000011855c        0x4 
 .rodata        0x0000000000118560      0x3fd binaries/shell.o
                0x0000000000118600                cmdtab
 .rodata        0x000000000011895d       0x28 binaries/xsh_argecho.o
 *fill*         0x0000000000118985        0x3 
 .rodata        0x0000000000118988      0x123 binaries/xsh_arp.o
 .rodata        0x0000000000118aab       0x3d binaries/xsh_calculator.o
 .rodata        0x0000000000118ae8       0xc9 binaries/xsh_cat.o
 .rodata        0x0000000000118bb1       0x19 binaries/xsh_clear.o
 *fill*         0x0000000000118bca        0x2 
 .rodata        0x0000000000118bcc      0x1c3 binaries/xsh_date.o
 .rodata        0x0000000000118d8f       0x5d binaries/xsh_devdump.o
 .rodata        0x0000000000118dec        0x9 binaries/xsh_echo.o
 *fill*         0x0000000000118df5        0x3 
 .rodata        0x0000000000118df8      0x169 binaries/xsh_help.o
 *fill*         0x0000000000118f61        0x3 
 .rodata        0x0000000000118f64      0x12e binaries/xsh_kill.o
 *fill*         0x0000000000119092        0x2 
 .rodata        0x0000000000119094      0x266 binaries/xsh_memdump.o
 *fill*         0x00000000001192fa        0x2 
 .rodata        0x00000000001192fc      0x225 binaries/xsh_memstat.o
 *fill*         0x0000000000119521        0x3 
 .rodata        0x0000000000119524      0x1b0 binaries/xsh_netinfo.o
 .rodata        0x00000000001196d4      0x1a1 binaries/xsh_ping.o
 *fill*         0x0000000000119875        0xb 
 .rodata        0x0000000000119880      0x1e0 binaries/xsh_ps.o
 .rodata        0x0000000000119a60       0xeb binaries/xsh_sleep.o
 *fill*         0x0000000000119b4b        0x1 
 .rodata        0x0000000000119b4c       0x78 binaries/xsh_timer.o
 .rodata        0x0000000000119bc4      0x1b8 binaries/xsh_udpdump.o
 .rodata        0x0000000000119d7c      0x215 binaries/xsh_udpecho.o
 *fill*         0x0000000000119f91        0x3 
 .rodata        0x0000000000119f94      0x12b binaries/xsh_udpserver.o
 *fill*         0x000000000011a0bf        0x1 
 .rodata        0x000000000011a0c0      0x105 binaries/xsh_uptime.o
                0x000000000011a1c5                etext = ABSOLUTE (.)
                0x000000000011b000                . = ALIGN (0x1000)
 *fill*         0x000000000011a1c5      0xe3b 

.eh_frame       0x000000000011b000     0x2c88
 .eh_frame      0x000000000011b000       0x38 binaries/ascdate.o
 .eh_frame      0x000000000011b038       0x20 binaries/bufinit.o
                                         0x38 (size before relaxing)
 .eh_frame      0x000000000011b058       0x20 binaries/chprio.o
                                         0x38 (size before relaxing)
 .eh_frame      0x000000000011b078       0x20 binaries/clkhandler.o
                                         0x38 (size before relaxing)
 .eh_frame      0x000000000011b098       0x20 binaries/clkinit.o
                                         0x38 (size before relaxing)
 .eh_frame      0x000000000011b0b8       0x20 binaries/close.o
                                         0x38 (size before relaxing)
 .eh_frame      0x000000000011b0d8       0x20 binaries/control.o
                                         0x38 (size before relaxing)
 .eh_frame      0x000000000011b0f8       0x40 binaries/create.o
                                         0x58 (size before relaxing)
 .eh_frame      0x000000000011b138       0x60 binaries/evec.o
                                         0x78 (size before relaxing)
 .eh_frame      0x000000000011b198       0x20 binaries/exit.o
                                         0x38 (size before relaxing)
 .eh_frame      0x000000000011b1b8       0x20 binaries/freebuf.o
                                         0x38 (size before relaxing)
 .eh_frame      0x000000000011b1d8       0x20 binaries/freemem.o
                                         0x38 (size before relaxing)
 .eh_frame      0x000000000011b1f8       0x20 binaries/getbuf.o
                                         0x38 (size before relaxing)
 .eh_frame      0x000000000011b218       0x20 binaries/getc.o
                                         0x38 (size before relaxing)
 .eh_frame      0x000000000011b238       0x20 binaries/getdev.o
                                         0x38 (size before relaxing)
 .eh_frame      0x000000000011b258       0x60 binaries/getitem.o
                                         0x78 (size before relaxing)
 .eh_frame      0x000000000011b2b8       0x20 binaries/getmem.o
                                         0x38 (size before relaxing)
 .eh_frame      0x000000000011b2d8       0x20 binaries/getpid.o
                                         0x38 (size before relaxing)
 .eh_frame      0x000000000011b2f8       0x20 binaries/getprio.o
                                         0x38 (size before relaxing)
 .eh_frame      0x000000000011b318       0x20 binaries/getstk.o
                                         0x38 (size before relaxing)
 .eh_frame      0x000000000011b338       0x20 binaries/getticks.o
                                         0x38 (size before relaxing)
 .eh_frame      0x000000000011b358       0x20 binaries/gettime.o
                                         0x38 (size before relaxing)
 .eh_frame      0x000000000011b378       0x20 binaries/getutime.o
                                         0x38 (size before relaxing)
 .eh_frame      0x000000000011b398       0x8c binaries/i386.o
                                         0xa4 (size before relaxing)
 .eh_frame      0x000000000011b424       0x20 binaries/init.o
                                         0x38 (size before relaxing)
 .eh_frame      0x000000000011b444       0xa0 binaries/initialize.o
                                         0xb8 (size before relaxing)
 .eh_frame      0x000000000011b4e4       0x20 binaries/insert.o
                                         0x38 (size before relaxing)
 .eh_frame      0x000000000011b504       0x20 binaries/insertd.o
                                         0x38 (size before relaxing)
 .eh_frame      0x000000000011b524       0x20 binaries/ioerr.o
                                         0x38 (size before relaxing)
 .eh_frame      0x000000000011b544       0x20 binaries/ionull.o
                                         0x38 (size before relaxing)
 .eh_frame      0x000000000011b564       0x20 binaries/kill.o
                                         0x38 (size before relaxing)
 .eh_frame      0x000000000011b584       0x60 binaries/kprintf.o
                                         0x78 (size before relaxing)
 .eh_frame      0x000000000011b5e4       0x24 binaries/main.o
                                         0x3c (size before relaxing)
 .eh_frame      0x000000000011b608       0x40 binaries/mark.o
                                         0x58 (size before relaxing)
 .eh_frame      0x000000000011b648       0x20 binaries/meminit.o
                                         0x38 (size before relaxing)
 .eh_frame      0x000000000011b668       0x20 binaries/mkbufpool.o
                                         0x38 (size before relaxing)
 .eh_frame      0x000000000011b688       0x20 binaries/newqueue.o
                                         0x38 (size before relaxing)
 .eh_frame      0x000000000011b6a8       0x20 binaries/open.o
                                         0x38 (size before relaxing)
 .eh_frame      0x000000000011b6c8       0x1c binaries/panic.o
                                         0x34 (size before relaxing)
 .eh_frame      0x000000000011b6e4      0x1c8 binaries/pci.o
                                        0x1e0 (size before relaxing)
 .eh_frame      0x000000000011b8ac       0x20 binaries/ptclear.o
                                         0x38 (size before relaxing)
 .eh_frame      0x000000000011b8cc       0x20 binaries/ptcount.o
                                         0x38 (size before relaxing)
 .eh_frame      0x000000000011b8ec       0x20 binaries/ptcreate.o
                                         0x38 (size before relaxing)
 .eh_frame      0x000000000011b90c       0x20 binaries/ptdelete.o
                                         0x38 (size before relaxing)
 .eh_frame      0x000000000011b92c       0x20 binaries/ptinit.o
                                         0x38 (size before relaxing)
 .eh_frame      0x000000000011b94c       0x20 binaries/ptrecv.o
                                         0x38 (size before relaxing)
 .eh_frame      0x000000000011b96c       0x20 binaries/ptreset.o
                                         0x38 (size before relaxing)
 .eh_frame      0x000000000011b98c       0x20 binaries/ptsend.o
                                         0x38 (size before relaxing)
 .eh_frame      0x000000000011b9ac       0x20 binaries/putc.o
                                         0x38 (size before relaxing)
 .eh_frame      0x000000000011b9cc       0x40 binaries/queue.o
                                         0x58 (size before relaxing)
 .eh_frame      0x000000000011ba0c       0x20 binaries/read.o
                                         0x38 (size before relaxing)
 .eh_frame      0x000000000011ba2c       0x24 binaries/ready.o
                                         0x3c (size before relaxing)
 .eh_frame      0x000000000011ba50       0x20 binaries/receive.o
                                         0x38 (size before relaxing)
 .eh_frame      0x000000000011ba70       0x20 binaries/recvclr.o
                                         0x38 (size before relaxing)
 .eh_frame      0x000000000011ba90       0x20 binaries/recvtime.o
                                         0x38 (size before relaxing)
 .eh_frame      0x000000000011bab0       0x40 binaries/resched.o
                                         0x58 (size before relaxing)
 .eh_frame      0x000000000011baf0       0x20 binaries/resume.o
                                         0x38 (size before relaxing)
 .eh_frame      0x000000000011bb10       0x20 binaries/seek.o
                                         0x38 (size before relaxing)
 .eh_frame      0x000000000011bb30       0x20 binaries/semcount.o
                                         0x38 (size before relaxing)
 .eh_frame      0x000000000011bb50       0x40 binaries/semcreate.o
                                         0x58 (size before relaxing)
 .eh_frame      0x000000000011bb90       0x20 binaries/semdelete.o
                                         0x38 (size before relaxing)
 .eh_frame      0x000000000011bbb0       0x20 binaries/semreset.o
                                         0x38 (size before relaxing)
 .eh_frame      0x000000000011bbd0       0x20 binaries/send.o
                                         0x38 (size before relaxing)
 .eh_frame      0x000000000011bbf0       0x20 binaries/signal.o
                                         0x38 (size before relaxing)
 .eh_frame      0x000000000011bc10       0x20 binaries/signaln.o
                                         0x38 (size before relaxing)
 .eh_frame      0x000000000011bc30       0x40 binaries/sleep.o
                                         0x58 (size before relaxing)
 .eh_frame      0x000000000011bc70       0x20 binaries/stacktrace.o
                                         0x38 (size before relaxing)
 .eh_frame      0x000000000011bc90       0x20 binaries/suspend.o
                                         0x38 (size before relaxing)
 .eh_frame      0x000000000011bcb0       0x20 binaries/unsleep.o
                                         0x38 (size before relaxing)
 .eh_frame      0x000000000011bcd0       0x20 binaries/userret.o
                                         0x38 (size before relaxing)
 .eh_frame      0x000000000011bcf0       0x20 binaries/wait.o
                                         0x38 (size before relaxing)
 .eh_frame      0x000000000011bd10       0x20 binaries/wakeup.o
                                         0x38 (size before relaxing)
 .eh_frame      0x000000000011bd30       0x20 binaries/Win.o
                                         0x38 (size before relaxing)
 .eh_frame      0x000000000011bd50       0x20 binaries/write.o
                                         0x38 (size before relaxing)
 .eh_frame      0x000000000011bd70       0x20 binaries/xdone.o
                                         0x38 (size before relaxing)
 .eh_frame      0x000000000011bd90       0x20 binaries/yield.o
                                         0x38 (size before relaxing)
 .eh_frame      0x000000000011bdb0       0x20 binaries/abs.o
                                         0x38 (size before relaxing)
 .eh_frame      0x000000000011bdd0       0x20 binaries/atoi.o
                                         0x38 (size before relaxing)
 .eh_frame      0x000000000011bdf0       0x20 binaries/atol.o
                                         0x38 (size before relaxing)
 .eh_frame      0x000000000011be10       0x20 binaries/bzero.o
                                         0x38 (size before relaxing)
 .eh_frame      0x000000000011be30       0xe0 binaries/doprnt.o
                                         0xf8 (size before relaxing)
 .eh_frame      0x000000000011bf10       0xb0 binaries/doscan.o
                                         0xc8 (size before relaxing)
 .eh_frame      0x000000000011bfc0       0xc0 binaries/fdoprnt.o
                                         0xd8 (size before relaxing)
 .eh_frame      0x000000000011c080       0x20 binaries/fgetc.o
                                         0x38 (size before relaxing)
 .eh_frame      0x000000000011c0a0       0x20 binaries/fgets.o
                                         0x38 (size before relaxing)
 .eh_frame      0x000000000011c0c0       0x20 binaries/fprintf.o
                                         0x38 (size before relaxing)
 .eh_frame      0x000000000011c0e0       0x20 binaries/fputc.o
                                         0x38 (size before relaxing)
 .eh_frame      0x000000000011c100       0x20 binaries/fputs.o
                                         0x38 (size before relaxing)
 .eh_frame      0x000000000011c120       0x60 binaries/fscanf.o
                                         0x78 (size before relaxing)
 .eh_frame      0x000000000011c180       0x20 binaries/getchar.o
                                         0x38 (size before relaxing)
 .eh_frame      0x000000000011c1a0       0x20 binaries/labs.o
                                         0x38 (size before relaxing)
 .eh_frame      0x000000000011c1c0       0x20 binaries/memcmp.o
                                         0x38 (size before relaxing)
 .eh_frame      0x000000000011c1e0       0x24 binaries/memcpy.o
                                         0x3c (size before relaxing)
 .eh_frame      0x000000000011c204       0x24 binaries/memset.o
                                         0x3c (size before relaxing)
 .eh_frame      0x000000000011c228       0x20 binaries/printf.o
                                         0x38 (size before relaxing)
 .eh_frame      0x000000000011c248       0x20 binaries/putchar.o
                                         0x38 (size before relaxing)
 .eh_frame      0x000000000011c268       0xa8 binaries/qsort.o
                                         0xc0 (size before relaxing)
 .eh_frame      0x000000000011c310       0x60 binaries/rand.o
                                         0x78 (size before relaxing)
 .eh_frame      0x000000000011c370       0x40 binaries/sprintf.o
                                         0x58 (size before relaxing)
 .eh_frame      0x000000000011c3b0       0x60 binaries/sscanf.o
                                         0x78 (size before relaxing)
 .eh_frame      0x000000000011c410       0x20 binaries/strchr.o
                                         0x38 (size before relaxing)
 .eh_frame      0x000000000011c430       0x20 binaries/strcmp.o
                                         0x38 (size before relaxing)
 .eh_frame      0x000000000011c450       0x20 binaries/strcpy.o
                                         0x38 (size before relaxing)
 .eh_frame      0x000000000011c470       0x20 binaries/strlen.o
                                         0x38 (size before relaxing)
 .eh_frame      0x000000000011c490       0x20 binaries/strncat.o
                                         0x38 (size before relaxing)
 .eh_frame      0x000000000011c4b0       0x20 binaries/strncmp.o
                                         0x38 (size before relaxing)
 .eh_frame      0x000000000011c4d0       0x28 binaries/strncpy.o
                                         0x40 (size before relaxing)
 .eh_frame      0x000000000011c4f8       0x20 binaries/strnlen.o
                                         0x38 (size before relaxing)
 .eh_frame      0x000000000011c518       0x20 binaries/strrchr.o
                                         0x38 (size before relaxing)
 .eh_frame      0x000000000011c538       0x20 binaries/strstr.o
                                         0x38 (size before relaxing)
 .eh_frame      0x000000000011c558       0x20 binaries/ttycontrol.o
                                         0x38 (size before relaxing)
 .eh_frame      0x000000000011c578       0x20 binaries/ttygetc.o
                                         0x38 (size before relaxing)
 .eh_frame      0x000000000011c598       0x80 binaries/ttyhandle_in.o
                                         0x98 (size before relaxing)
 .eh_frame      0x000000000011c618       0x20 binaries/ttyhandle_out.o
                                         0x38 (size before relaxing)
 .eh_frame      0x000000000011c638       0x20 binaries/ttyhandler.o
                                         0x38 (size before relaxing)
 .eh_frame      0x000000000011c658       0x20 binaries/ttyinit.o
                                         0x38 (size before relaxing)
 .eh_frame      0x000000000011c678       0x20 binaries/ttykickout.o
                                         0x38 (size before relaxing)
 .eh_frame      0x000000000011c698       0x20 binaries/ttyputc.o
                                         0x38 (size before relaxing)
 .eh_frame      0x000000000011c6b8       0x24 binaries/ttyread.o
                                         0x3c (size before relaxing)
 .eh_frame      0x000000000011c6dc       0x20 binaries/ttywrite.o
                                         0x38 (size before relaxing)
 .eh_frame      0x000000000011c6fc       0x40 binaries/mount.o
                                         0x58 (size before relaxing)
 .eh_frame      0x000000000011c73c       0x20 binaries/naminit.o
                                         0x38 (size before relaxing)
 .eh_frame      0x000000000011c75c       0x60 binaries/nammap.o
                                         0x78 (size before relaxing)
 .eh_frame      0x000000000011c7bc       0x20 binaries/namopen.o
                                         0x38 (size before relaxing)
 .eh_frame      0x000000000011c7dc      0x150 binaries/82545EMInit.o
                                        0x168 (size before relaxing)
 .eh_frame      0x000000000011c92c       0xa0 binaries/ethcontrol.o
                                         0xb8 (size before relaxing)
 .eh_frame      0x000000000011c9cc       0x80 binaries/ethhandler.o
                                         0x98 (size before relaxing)
 .eh_frame      0x000000000011ca4c       0x20 binaries/ethinit.o
                                         0x38 (size before relaxing)
 .eh_frame      0x000000000011ca6c       0x60 binaries/ethread.o
                                         0x78 (size before relaxing)
 .eh_frame      0x000000000011cacc       0x60 binaries/ethwrite.o
                                         0x78 (size before relaxing)
 .eh_frame      0x000000000011cb2c       0x20 binaries/rdsbufalloc.o
                                         0x38 (size before relaxing)
 .eh_frame      0x000000000011cb4c       0x20 binaries/rdsclose.o
                                         0x38 (size before relaxing)
 .eh_frame      0x000000000011cb6c       0x20 binaries/rdscomm.o
                                         0x38 (size before relaxing)
 .eh_frame      0x000000000011cb8c       0x20 binaries/rdscontrol.o
                                         0x38 (size before relaxing)
 .eh_frame      0x000000000011cbac       0x20 binaries/rdsinit.o
                                         0x38 (size before relaxing)
 .eh_frame      0x000000000011cbcc       0x20 binaries/rdsopen.o
                                         0x38 (size before relaxing)
 .eh_frame      0x000000000011cbec       0x1c binaries/rdsprocess.o
                                         0x34 (size before relaxing)
 .eh_frame      0x000000000011cc08       0x20 binaries/rdsread.o
                                         0x38 (size before relaxing)
 .eh_frame      0x000000000011cc28       0x20 binaries/rdswrite.o
                                         0x38 (size before relaxing)
 .eh_frame      0x000000000011cc48       0x20 binaries/ramclose.o
                                         0x38 (size before relaxing)
 .eh_frame      0x000000000011cc68       0x20 binaries/raminit.o
                                         0x38 (size before relaxing)
 .eh_frame      0x000000000011cc88       0x20 binaries/ramopen.o
                                         0x38 (size before relaxing)
 .eh_frame      0x000000000011cca8       0x20 binaries/ramread.o
                                         0x38 (size before relaxing)
 .eh_frame      0x000000000011ccc8       0x20 binaries/ramwrite.o
                                         0x38 (size before relaxing)
 .eh_frame      0x000000000011cce8       0x20 binaries/lfdballoc.o
                                         0x38 (size before relaxing)
 .eh_frame      0x000000000011cd08       0x20 binaries/lfdbfree.o
                                         0x38 (size before relaxing)
 .eh_frame      0x000000000011cd28       0x20 binaries/lfflush.o
                                         0x38 (size before relaxing)
 .eh_frame      0x000000000011cd48       0x20 binaries/lfgetmode.o
                                         0x38 (size before relaxing)
 .eh_frame      0x000000000011cd68       0x20 binaries/lfiballoc.o
                                         0x38 (size before relaxing)
 .eh_frame      0x000000000011cd88       0x20 binaries/lfibclear.o
                                         0x38 (size before relaxing)
 .eh_frame      0x000000000011cda8       0x20 binaries/lfibget.o
                                         0x38 (size before relaxing)
 .eh_frame      0x000000000011cdc8       0x20 binaries/lfibput.o
                                         0x38 (size before relaxing)
 .eh_frame      0x000000000011cde8       0x20 binaries/lflclose.o
                                         0x38 (size before relaxing)
 .eh_frame      0x000000000011ce08       0x20 binaries/lflcontrol.o
                                         0x38 (size before relaxing)
 .eh_frame      0x000000000011ce28       0x20 binaries/lflgetc.o
                                         0x38 (size before relaxing)
 .eh_frame      0x000000000011ce48       0x20 binaries/lflinit.o
                                         0x38 (size before relaxing)
 .eh_frame      0x000000000011ce68       0x20 binaries/lflputc.o
                                         0x38 (size before relaxing)
 .eh_frame      0x000000000011ce88       0x20 binaries/lflread.o
                                         0x38 (size before relaxing)
 .eh_frame      0x000000000011cea8       0x20 binaries/lflseek.o
                                         0x38 (size before relaxing)
 .eh_frame      0x000000000011cec8       0x20 binaries/lflwrite.o
                                         0x38 (size before relaxing)
 .eh_frame      0x000000000011cee8       0x20 binaries/lfscheck.o
                                         0x38 (size before relaxing)
 .eh_frame      0x000000000011cf08       0x20 binaries/lfsckfmt.o
                                         0x38 (size before relaxing)
 .eh_frame      0x000000000011cf28       0x20 binaries/lfscreate.o
                                         0x38 (size before relaxing)
 .eh_frame      0x000000000011cf48       0x20 binaries/lfsetup.o
                                         0x38 (size before relaxing)
 .eh_frame      0x000000000011cf68       0x20 binaries/lfsinit.o
                                         0x38 (size before relaxing)
 .eh_frame      0x000000000011cf88       0x20 binaries/lfsopen.o
                                         0x38 (size before relaxing)
 .eh_frame      0x000000000011cfa8       0x20 binaries/lftruncate.o
                                         0x38 (size before relaxing)
 .eh_frame      0x000000000011cfc8       0x20 binaries/rflclose.o
                                         0x38 (size before relaxing)
 .eh_frame      0x000000000011cfe8       0x20 binaries/rflgetc.o
                                         0x38 (size before relaxing)
 .eh_frame      0x000000000011d008       0x20 binaries/rflinit.o
                                         0x38 (size before relaxing)
 .eh_frame      0x000000000011d028       0x20 binaries/rflputc.o
                                         0x38 (size before relaxing)
 .eh_frame      0x000000000011d048       0x20 binaries/rflread.o
                                         0x38 (size before relaxing)
 .eh_frame      0x000000000011d068       0x20 binaries/rflseek.o
                                         0x38 (size before relaxing)
 .eh_frame      0x000000000011d088       0x20 binaries/rflwrite.o
                                         0x38 (size before relaxing)
 .eh_frame      0x000000000011d0a8       0x20 binaries/rfscomm.o
                                         0x38 (size before relaxing)
 .eh_frame      0x000000000011d0c8       0x20 binaries/rfscontrol.o
                                         0x38 (size before relaxing)
 .eh_frame      0x000000000011d0e8       0x20 binaries/rfsgetmode.o
                                         0x38 (size before relaxing)
 .eh_frame      0x000000000011d108       0x20 binaries/rfsinit.o
                                         0x38 (size before relaxing)
 .eh_frame      0x000000000011d128       0x20 binaries/rfsndmsg.o
                                         0x38 (size before relaxing)
 .eh_frame      0x000000000011d148       0x20 binaries/rfsopen.o
                                         0x38 (size before relaxing)
 .eh_frame      0x000000000011d168       0xc0 binaries/arp.o
                                         0xd8 (size before relaxing)
 .eh_frame      0x000000000011d228       0xa0 binaries/dhcp.o
                                         0xb8 (size before relaxing)
 .eh_frame      0x000000000011d2c8       0x80 binaries/dns.o
                                         0x98 (size before relaxing)
 .eh_frame      0x000000000011d348       0x20 binaries/dot2ip.o
                                         0x38 (size before relaxing)
 .eh_frame      0x000000000011d368       0x40 binaries/hexdump.o
                                         0x58 (size before relaxing)
 .eh_frame      0x000000000011d3a8      0x14c binaries/icmp.o
                                        0x164 (size before relaxing)
 .eh_frame      0x000000000011d4f4      0x11c binaries/ip.o
                                        0x134 (size before relaxing)
 .eh_frame      0x000000000011d610       0xa0 binaries/net.o
                                         0xb8 (size before relaxing)
 .eh_frame      0x000000000011d6b0       0x60 binaries/pdump.o
                                         0x78 (size before relaxing)
 .eh_frame      0x000000000011d710       0x60 binaries/tftp.o
                                         0x78 (size before relaxing)
 .eh_frame      0x000000000011d770      0x140 binaries/udp.o
                                        0x158 (size before relaxing)
 .eh_frame      0x000000000011d8b0       0x20 binaries/addargs.o
                                         0x38 (size before relaxing)
 .eh_frame      0x000000000011d8d0       0x20 binaries/lexan.o
                                         0x38 (size before relaxing)
 .eh_frame      0x000000000011d8f0       0x20 binaries/shell.o
                                         0x38 (size before relaxing)
 .eh_frame      0x000000000011d910       0x20 binaries/xsh_argecho.o
                                         0x38 (size before relaxing)
 .eh_frame      0x000000000011d930       0x40 binaries/xsh_arp.o
                                         0x58 (size before relaxing)
 .eh_frame      0x000000000011d970       0x20 binaries/xsh_calculator.o
                                         0x38 (size before relaxing)
 .eh_frame      0x000000000011d990       0x20 binaries/xsh_cat.o
                                         0x38 (size before relaxing)
 .eh_frame      0x000000000011d9b0       0x20 binaries/xsh_clear.o
                                         0x38 (size before relaxing)
 .eh_frame      0x000000000011d9d0       0x20 binaries/xsh_date.o
                                         0x38 (size before relaxing)
 .eh_frame      0x000000000011d9f0       0x20 binaries/xsh_devdump.o
                                         0x38 (size before relaxing)
 .eh_frame      0x000000000011da10       0x20 binaries/xsh_echo.o
                                         0x38 (size before relaxing)
 .eh_frame      0x000000000011da30       0x20 binaries/xsh_exit.o
                                         0x38 (size before relaxing)
 .eh_frame      0x000000000011da50       0x20 binaries/xsh_help.o
                                         0x38 (size before relaxing)
 .eh_frame      0x000000000011da70       0x20 binaries/xsh_kill.o
                                         0x38 (size before relaxing)
 .eh_frame      0x000000000011da90       0x40 binaries/xsh_memdump.o
                                         0x58 (size before relaxing)
 .eh_frame      0x000000000011dad0       0x60 binaries/xsh_memstat.o
                                         0x78 (size before relaxing)
 .eh_frame      0x000000000011db30       0x30 binaries/xsh_netinfo.o
                                         0x48 (size before relaxing)
 .eh_frame      0x000000000011db60       0x24 binaries/xsh_ping.o
                                         0x3c (size before relaxing)
 .eh_frame      0x000000000011db84       0x30 binaries/xsh_ps.o
                                         0x48 (size before relaxing)
 .eh_frame      0x000000000011dbb4       0x20 binaries/xsh_sleep.o
                                         0x38 (size before relaxing)
 .eh_frame      0x000000000011dbd4       0x20 binaries/xsh_timer.o
                                         0x38 (size before relaxing)
 .eh_frame      0x000000000011dbf4       0x20 binaries/xsh_udpdump.o
                                         0x38 (size before relaxing)
 .eh_frame      0x000000000011dc14       0x30 binaries/xsh_udpecho.o
                                         0x48 (size before relaxing)
 .eh_frame      0x000000000011dc44       0x24 binaries/xsh_udpserver.o
                                         0x3c (size before relaxing)
 .eh_frame      0x000000000011dc68       0x20 binaries/xsh_uptime.o
                                         0x38 (size before relaxing)

.iplt           0x000000000011dc90        0x0
 .iplt          0x000000000011dc90        0x0 binaries/start.o

.rel.dyn        0x000000000011dc88        0x0
 .rel.iplt      0x000000000011dc88        0x0 binaries/start.o
 .rel.text      0x000000000011dc88        0x0 binaries/start.o
 .rel.data      0x000000000011dc88        0x0 binaries/start.o
 .rel.rodata    0x000000000011dc88        0x0 binaries/start.o

.data           0x000000000011dca0     0x1360
                0x000000000011dca0                data = ABSOLUTE (.)
 *(.data .data.*)
 .data          0x000000000011dca0      0x460 binaries/start.o
                0x000000000011dca0                gdt
                0x000000000011dce0                gdtr
                0x000000000011dce6                idt
                0x000000000011e0e6                idtr
                0x000000000011e0ec                cpudelay
                0x000000000011e0f0                _bootdev
                0x000000000011e0f4                _cyloffset
 .data          0x000000000011e100       0x88 binaries/ascdate.o
                0x000000000011e100                Date
 .data          0x000000000011e188        0x0 binaries/bufinit.o
 .data          0x000000000011e188        0x0 binaries/chprio.o
 .data          0x000000000011e188        0x4 binaries/clkhandler.o
 .data          0x000000000011e18c        0x0 binaries/clkinit.o
 .data          0x000000000011e18c        0x0 binaries/close.o
 *fill*         0x000000000011e18c       0x14 
 .data          0x000000000011e1a0      0x5a0 binaries/conf.o
                0x000000000011e1a0                devtab
 .data          0x000000000011e740        0x0 binaries/control.o
 .data          0x000000000011e740        0x4 binaries/create.o
 *fill*         0x000000000011e744       0x1c 
 .data          0x000000000011e760       0x40 binaries/evec.o
                0x000000000011e760                inames
 .data          0x000000000011e7a0        0x0 binaries/exit.o
 .data          0x000000000011e7a0        0x0 binaries/freebuf.o
 .data          0x000000000011e7a0        0x0 binaries/freemem.o
 .data          0x000000000011e7a0        0x0 binaries/getbuf.o
 .data          0x000000000011e7a0        0x0 binaries/getc.o
 .data          0x000000000011e7a0        0x0 binaries/getdev.o
 .data          0x000000000011e7a0        0x0 binaries/getitem.o
 .data          0x000000000011e7a0        0x0 binaries/getmem.o
 .data          0x000000000011e7a0        0x0 binaries/getpid.o
 .data          0x000000000011e7a0        0x0 binaries/getprio.o
 .data          0x000000000011e7a0        0x0 binaries/getstk.o
 .data          0x000000000011e7a0        0x0 binaries/getticks.o
 .data          0x000000000011e7a0        0x0 binaries/gettime.o
 .data          0x000000000011e7a0        0x0 binaries/getutime.o
 .data          0x000000000011e7a0       0x40 binaries/i386.o
                0x000000000011e7a0                gdt_copy
 .data          0x000000000011e7e0        0x0 binaries/init.o
 .data          0x000000000011e7e0        0x0 binaries/initialize.o
 .data          0x000000000011e7e0        0x0 binaries/insert.o
 .data          0x000000000011e7e0        0x0 binaries/insertd.o
 .data          0x000000000011e7e0        0x0 binaries/ioerr.o
 .data          0x000000000011e7e0        0x0 binaries/ionull.o
 .data          0x000000000011e7e0        0x0 binaries/kill.o
 .data          0x000000000011e7e0        0x0 binaries/kprintf.o
 .data          0x000000000011e7e0        0x0 binaries/main.o
 .data          0x000000000011e7e0        0x0 binaries/mark.o
 .data          0x000000000011e7e0        0x0 binaries/meminit.o
 .data          0x000000000011e7e0        0x0 binaries/mkbufpool.o
 .data          0x000000000011e7e0        0x2 binaries/newqueue.o
 .data          0x000000000011e7e2        0x0 binaries/open.o
 .data          0x000000000011e7e2        0x0 binaries/panic.o
 *fill*         0x000000000011e7e2        0x2 
 .data          0x000000000011e7e4       0x10 binaries/pci.o
 .data          0x000000000011e7f4        0x0 binaries/ptclear.o
 .data          0x000000000011e7f4        0x0 binaries/ptcount.o
 .data          0x000000000011e7f4        0x0 binaries/ptcreate.o
 .data          0x000000000011e7f4        0x0 binaries/ptdelete.o
 .data          0x000000000011e7f4        0x0 binaries/ptinit.o
 .data          0x000000000011e7f4        0x0 binaries/ptrecv.o
 .data          0x000000000011e7f4        0x0 binaries/ptreset.o
 .data          0x000000000011e7f4        0x0 binaries/ptsend.o
 .data          0x000000000011e7f4        0x0 binaries/putc.o
 .data          0x000000000011e7f4        0x0 binaries/queue.o
[...]
 .comment       0x000000000000001d       0x1e binaries/ip.o
 .comment       0x000000000000001d       0x1e binaries/net.o
 .comment       0x000000000000001d       0x1e binaries/pdump.o
 .comment       0x000000000000001d       0x1e binaries/tftp.o
 .comment       0x000000000000001d       0x1e binaries/udp.o
 .comment       0x000000000000001d       0x1e binaries/addargs.o
 .comment       0x000000000000001d       0x1e binaries/lexan.o
 .comment       0x000000000000001d       0x1e binaries/shell.o
 .comment       0x000000000000001d       0x1e binaries/xsh_argecho.o
 .comment       0x000000000000001d       0x1e binaries/xsh_arp.o
 .comment       0x000000000000001d       0x1e binaries/xsh_calculator.o
 .comment       0x000000000000001d       0x1e binaries/xsh_cat.o
 .comment       0x000000000000001d       0x1e binaries/xsh_clear.o
 .comment       0x000000000000001d       0x1e binaries/xsh_date.o
 .comment       0x000000000000001d       0x1e binaries/xsh_devdump.o
 .comment       0x000000000000001d       0x1e binaries/xsh_echo.o
 .comment       0x000000000000001d       0x1e binaries/xsh_exit.o
 .comment       0x000000000000001d       0x1e binaries/xsh_help.o
 .comment       0x000000000000001d       0x1e binaries/xsh_kill.o
 .comment       0x000000000000001d       0x1e binaries/xsh_memdump.o
 .comment       0x000000000000001d       0x1e binaries/xsh_memstat.o
 .comment       0x000000000000001d       0x1e binaries/xsh_netinfo.o
 .comment       0x000000000000001d       0x1e binaries/xsh_ping.o
 .comment       0x000000000000001d       0x1e binaries/xsh_ps.o
 .comment       0x000000000000001d       0x1e binaries/xsh_sleep.o
 .comment       0x000000000000001d       0x1e binaries/xsh_timer.o
 .comment       0x000000000000001d       0x1e binaries/xsh_udpdump.o
 .comment       0x000000000000001d       0x1e binaries/xsh_udpecho.o
 .comment       0x000000000000001d       0x1e binaries/xsh_udpserver.o
 .comment       0x000000000000001d       0x1e binaries/xsh_uptime.o

.note.GNU-stack
                0x0000000000000000        0x0
 .note.GNU-stack
                0x0000000000000000        0x0 binaries/ascdate.o
 .note.GNU-stack
                0x0000000000000000        0x0 binaries/bufinit.o
 .note.GNU-stack
                0x0000000000000000        0x0 binaries/chprio.o
 .note.GNU-stack
                0x0000000000000000        0x0 binaries/clkhandler.o
 .note.GNU-stack
                0x0000000000000000        0x0 binaries/clkinit.o
 .note.GNU-stack
                0x0000000000000000        0x0 binaries/close.o
 .note.GNU-stack
                0x0000000000000000        0x0 binaries/conf.o
 .note.GNU-stack
                0x0000000000000000        0x0 binaries/control.o
 .note.GNU-stack
                0x0000000000000000        0x0 binaries/create.o
 .note.GNU-stack
                0x0000000000000000        0x0 binaries/evec.o
 .note.GNU-stack
                0x0000000000000000        0x0 binaries/exit.o
 .note.GNU-stack
                0x0000000000000000        0x0 binaries/freebuf.o
 .note.GNU-stack
                0x0000000000000000        0x0 binaries/freemem.o
 .note.GNU-stack
                0x0000000000000000        0x0 binaries/getbuf.o
 .note.GNU-stack
                0x0000000000000000        0x0 binaries/getc.o
 .note.GNU-stack
                0x0000000000000000        0x0 binaries/getdev.o
 .note.GNU-stack
                0x0000000000000000        0x0 binaries/getitem.o
 .note.GNU-stack
                0x0000000000000000        0x0 binaries/getmem.o
 .note.GNU-stack
                0x0000000000000000        0x0 binaries/getpid.o
 .note.GNU-stack
                0x0000000000000000        0x0 binaries/getprio.o
 .note.GNU-stack
                0x0000000000000000        0x0 binaries/getstk.o
 .note.GNU-stack
                0x0000000000000000        0x0 binaries/getticks.o
 .note.GNU-stack
                0x0000000000000000        0x0 binaries/gettime.o
 .note.GNU-stack
                0x0000000000000000        0x0 binaries/getutime.o
 .note.GNU-stack
                0x0000000000000000        0x0 binaries/i386.o
 .note.GNU-stack
                0x0000000000000000        0x0 binaries/init.o
 .note.GNU-stack
                0x0000000000000000        0x0 binaries/initialize.o
 .note.GNU-stack
                0x0000000000000000        0x0 binaries/insert.o
 .note.GNU-stack
                0x0000000000000000        0x0 binaries/insertd.o
 .note.GNU-stack
                0x0000000000000000        0x0 binaries/ioerr.o
 .note.GNU-stack
                0x0000000000000000        0x0 binaries/ionull.o
 .note.GNU-stack
                0x0000000000000000        0x0 binaries/kill.o
 .note.GNU-stack
                0x0000000000000000        0x0 binaries/kprintf.o
 .note.GNU-stack
                0x0000000000000000        0x0 binaries/main.o
 .note.GNU-stack
                0x0000000000000000        0x0 binaries/mark.o
 .note.GNU-stack
                0x0000000000000000        0x0 binaries/meminit.o
 .note.GNU-stack
                0x0000000000000000        0x0 binaries/mkbufpool.o
 .note.GNU-stack
                0x0000000000000000        0x0 binaries/newqueue.o
 .note.GNU-stack
                0x0000000000000000        0x0 binaries/open.o
 .note.GNU-stack
                0x0000000000000000        0x0 binaries/panic.o
 .note.GNU-stack
                0x0000000000000000        0x0 binaries/pci.o
 .note.GNU-stack
                0x0000000000000000        0x0 binaries/ptclear.o
 .note.GNU-stack
                0x0000000000000000        0x0 binaries/ptcount.o
 .note.GNU-stack
                0x0000000000000000        0x0 binaries/ptcreate.o
 .note.GNU-stack
                0x0000000000000000        0x0 binaries/ptdelete.o
 .note.GNU-stack
                0x0000000000000000        0x0 binaries/ptinit.o
 .note.GNU-stack
                0x0000000000000000        0x0 binaries/ptrecv.o
 .note.GNU-stack
                0x0000000000000000        0x0 binaries/ptreset.o
 .note.GNU-stack
                0x0000000000000000        0x0 binaries/ptsend.o
 .note.GNU-stack
                0x0000000000000000        0x0 binaries/putc.o
 .note.GNU-stack
                0x0000000000000000        0x0 binaries/queue.o
 .note.GNU-stack
                0x0000000000000000        0x0 binaries/read.o
 .note.GNU-stack
                0x0000000000000000        0x0 binaries/ready.o
 .note.GNU-stack
                0x0000000000000000        0x0 binaries/receive.o
 .note.GNU-stack
                0x0000000000000000        0x0 binaries/recvclr.o
 .note.GNU-stack
                0x0000000000000000        0x0 binaries/recvtime.o
 .note.GNU-stack
                0x0000000000000000        0x0 binaries/resched.o
 .note.GNU-stack
                0x0000000000000000        0x0 binaries/resume.o
 .note.GNU-stack
                0x0000000000000000        0x0 binaries/seek.o
 .note.GNU-stack
                0x0000000000000000        0x0 binaries/semcount.o
 .note.GNU-stack
                0x0000000000000000        0x0 binaries/semcreate.o
 .note.GNU-stack
                0x0000000000000000        0x0 binaries/semdelete.o
 .note.GNU-stack
                0x0000000000000000        0x0 binaries/semreset.o
 .note.GNU-stack
                0x0000000000000000        0x0 binaries/send.o
 .note.GNU-stack
                0x0000000000000000        0x0 binaries/signal.o
 .note.GNU-stack
                0x0000000000000000        0x0 binaries/signaln.o
 .note.GNU-stack
                0x0000000000000000        0x0 binaries/sleep.o
 .note.GNU-stack
                0x0000000000000000        0x0 binaries/stacktrace.o
 .note.GNU-stack
                0x0000000000000000        0x0 binaries/suspend.o
 .note.GNU-stack
                0x0000000000000000        0x0 binaries/unsleep.o
 .note.GNU-stack
                0x0000000000000000        0x0 binaries/userret.o
 .note.GNU-stack
                0x0000000000000000        0x0 binaries/wait.o
 .note.GNU-stack
                0x0000000000000000        0x0 binaries/wakeup.o
 .note.GNU-stack
                0x0000000000000000        0x0 binaries/Win.o
 .note.GNU-stack
                0x0000000000000000        0x0 binaries/write.o
 .note.GNU-stack
                0x0000000000000000        0x0 binaries/xdone.o
 .note.GNU-stack
                0x0000000000000000        0x0 binaries/yield.o
 .note.GNU-stack
                0x0000000000000000        0x0 binaries/abs.o
 .note.GNU-stack
                0x0000000000000000        0x0 binaries/atoi.o
 .note.GNU-stack
                0x0000000000000000        0x0 binaries/atol.o
 .note.GNU-stack
                0x0000000000000000        0x0 binaries/bzero.o
 .note.GNU-stack
                0x0000000000000000        0x0 binaries/ctype_.o
 .note.GNU-stack
                0x0000000000000000        0x0 binaries/doprnt.o
 .note.GNU-stack
                0x0000000000000000        0x0 binaries/doscan.o
 .note.GNU-stack
                0x0000000000000000        0x0 binaries/fdoprnt.o
 .note.GNU-stack
                0x0000000000000000        0x0 binaries/fgetc.o
 .note.GNU-stack
                0x0000000000000000        0x0 binaries/fgets.o
 .note.GNU-stack
                0x0000000000000000        0x0 binaries/fprintf.o
 .note.GNU-stack
                0x0000000000000000        0x0 binaries/fputc.o
 .note.GNU-stack
                0x0000000000000000        0x0 binaries/fputs.o
 .note.GNU-stack
                0x0000000000000000        0x0 binaries/fscanf.o
 .note.GNU-stack
                0x0000000000000000        0x0 binaries/getchar.o
 .note.GNU-stack
                0x0000000000000000        0x0 binaries/labs.o
 .note.GNU-stack
                0x0000000000000000        0x0 binaries/memchr.o
 .note.GNU-stack
                0x0000000000000000        0x0 binaries/memcmp.o
 .note.GNU-stack
                0x0000000000000000        0x0 binaries/memcpy.o
 .note.GNU-stack
                0x0000000000000000        0x0 binaries/memset.o
 .note.GNU-stack
                0x0000000000000000        0x0 binaries/printf.o
 .note.GNU-stack
                0x0000000000000000        0x0 binaries/putchar.o
 .note.GNU-stack
                0x0000000000000000        0x0 binaries/qsort.o
 .note.GNU-stack
                0x0000000000000000        0x0 binaries/rand.o
 .note.GNU-stack
                0x0000000000000000        0x0 binaries/sprintf.o
 .note.GNU-stack
                0x0000000000000000        0x0 binaries/sscanf.o
 .note.GNU-stack
                0x0000000000000000        0x0 binaries/strchr.o
 .note.GNU-stack
                0x0000000000000000        0x0 binaries/strcmp.o
 .note.GNU-stack
                0x0000000000000000        0x0 binaries/strcpy.o
 .note.GNU-stack
                0x0000000000000000        0x0 binaries/strlen.o
 .note.GNU-stack
                0x0000000000000000        0x0 binaries/strncat.o
 .note.GNU-stack
                0x0000000000000000        0x0 binaries/strncmp.o
 .note.GNU-stack
                0x0000000000000000        0x0 binaries/strncpy.o
 .note.GNU-stack
                0x0000000000000000        0x0 binaries/strnlen.o
 .note.GNU-stack
                0x0000000000000000        0x0 binaries/strrchr.o
 .note.GNU-stack
                0x0000000000000000        0x0 binaries/strstr.o
 .note.GNU-stack
                0x0000000000000000        0x0 binaries/ttycontrol.o
 .note.GNU-stack
                0x0000000000000000        0x0 binaries/ttygetc.o
 .note.GNU-stack
                0x0000000000000000        0x0 binaries/ttyhandle_in.o
 .note.GNU-stack
                0x0000000000000000        0x0 binaries/ttyhandle_out.o
 .note.GNU-stack
                0x0000000000000000        0x0 binaries/ttyhandler.o
 .note.GNU-stack
                0x0000000000000000        0x0 binaries/ttyinit.o
 .note.GNU-stack
                0x0000000000000000        0x0 binaries/ttykickout.o
 .note.GNU-stack
                0x0000000000000000        0x0 binaries/ttyputc.o
 .note.GNU-stack
                0x0000000000000000        0x0 binaries/ttyread.o
 .note.GNU-stack
                0x0000000000000000        0x0 binaries/ttywrite.o
 .note.GNU-stack
                0x0000000000000000        0x0 binaries/mount.o
 .note.GNU-stack
                0x0000000000000000        0x0 binaries/naminit.o
 .note.GNU-stack
                0x0000000000000000        0x0 binaries/nammap.o
 .note.GNU-stack
                0x0000000000000000        0x0 binaries/namopen.o
 .note.GNU-stack
                0x0000000000000000        0x0 binaries/82545EMInit.o
 .note.GNU-stack
                0x0000000000000000        0x0 binaries/ethcontrol.o
 .note.GNU-stack
                0x0000000000000000        0x0 binaries/ethhandler.o
 .note.GNU-stack
                0x0000000000000000        0x0 binaries/ethinit.o
 .note.GNU-stack
                0x0000000000000000        0x0 binaries/ethread.o
 .note.GNU-stack
                0x0000000000000000        0x0 binaries/ethwrite.o
 .note.GNU-stack
                0x0000000000000000        0x0 binaries/rdsbufalloc.o
 .note.GNU-stack
                0x0000000000000000        0x0 binaries/rdsclose.o
 .note.GNU-stack
                0x0000000000000000        0x0 binaries/rdscomm.o
 .note.GNU-stack
                0x0000000000000000        0x0 binaries/rdscontrol.o
 .note.GNU-stack
                0x0000000000000000        0x0 binaries/rdsinit.o
 .note.GNU-stack
                0x0000000000000000        0x0 binaries/rdsopen.o
 .note.GNU-stack
                0x0000000000000000        0x0 binaries/rdsprocess.o
 .note.GNU-stack
                0x0000000000000000        0x0 binaries/rdsread.o
 .note.GNU-stack
                0x0000000000000000        0x0 binaries/rdswrite.o
 .note.GNU-stack
                0x0000000000000000        0x0 binaries/ramclose.o
 .note.GNU-stack
                0x0000000000000000        0x0 binaries/raminit.o
 .note.GNU-stack
                0x0000000000000000        0x0 binaries/ramopen.o
 .note.GNU-stack
                0x0000000000000000        0x0 binaries/ramread.o
 .note.GNU-stack
                0x0000000000000000        0x0 binaries/ramwrite.o
 .note.GNU-stack
                0x0000000000000000        0x0 binaries/lfdballoc.o
 .note.GNU-stack
                0x0000000000000000        0x0 binaries/lfdbfree.o
 .note.GNU-stack
                0x0000000000000000        0x0 binaries/lfflush.o
 .note.GNU-stack
                0x0000000000000000        0x0 binaries/lfgetmode.o
 .note.GNU-stack
                0x0000000000000000        0x0 binaries/lfiballoc.o
 .note.GNU-stack
                0x0000000000000000        0x0 binaries/lfibclear.o
 .note.GNU-stack
                0x0000000000000000        0x0 binaries/lfibget.o
 .note.GNU-stack
                0x0000000000000000        0x0 binaries/lfibput.o
 .note.GNU-stack
                0x0000000000000000        0x0 binaries/lflclose.o
 .note.GNU-stack
                0x0000000000000000        0x0 binaries/lflcontrol.o
 .note.GNU-stack
                0x0000000000000000        0x0 binaries/lflgetc.o
 .note.GNU-stack
                0x0000000000000000        0x0 binaries/lflinit.o
 .note.GNU-stack
                0x0000000000000000        0x0 binaries/lflputc.o
 .note.GNU-stack
                0x0000000000000000        0x0 binaries/lflread.o
 .note.GNU-stack
                0x0000000000000000        0x0 binaries/lflseek.o
 .note.GNU-stack
                0x0000000000000000        0x0 binaries/lflwrite.o
 .note.GNU-stack
                0x0000000000000000        0x0 binaries/lfscheck.o
 .note.GNU-stack
                0x0000000000000000        0x0 binaries/lfsckfmt.o
 .note.GNU-stack
                0x0000000000000000        0x0 binaries/lfscreate.o
 .note.GNU-stack
                0x0000000000000000        0x0 binaries/lfsetup.o
 .note.GNU-stack
                0x0000000000000000        0x0 binaries/lfsinit.o
 .note.GNU-stack
                0x0000000000000000        0x0 binaries/lfsopen.o
 .note.GNU-stack
                0x0000000000000000        0x0 binaries/lftruncate.o
 .note.GNU-stack
                0x0000000000000000        0x0 binaries/rflclose.o
 .note.GNU-stack
                0x0000000000000000        0x0 binaries/rflgetc.o
 .note.GNU-stack
                0x0000000000000000        0x0 binaries/rflinit.o
 .note.GNU-stack
                0x0000000000000000        0x0 binaries/rflputc.o
 .note.GNU-stack
                0x0000000000000000        0x0 binaries/rflread.o
 .note.GNU-stack
                0x0000000000000000        0x0 binaries/rflseek.o
 .note.GNU-stack
                0x0000000000000000        0x0 binaries/rflwrite.o
 .note.GNU-stack
                0x0000000000000000        0x0 binaries/rfscomm.o
 .note.GNU-stack
                0x0000000000000000        0x0 binaries/rfscontrol.o
 .note.GNU-stack
                0x0000000000000000        0x0 binaries/rfsgetmode.o
 .note.GNU-stack
                0x0000000000000000        0x0 binaries/rfsinit.o
 .note.GNU-stack
                0x0000000000000000        0x0 binaries/rfsndmsg.o
 .note.GNU-stack
                0x0000000000000000        0x0 binaries/rfsopen.o
 .note.GNU-stack
                0x0000000000000000        0x0 binaries/arp.o
 .note.GNU-stack
                0x0000000000000000        0x0 binaries/dhcp.o
 .note.GNU-stack
                0x0000000000000000        0x0 binaries/dns.o
 .note.GNU-stack
                0x0000000000000000        0x0 binaries/dot2ip.o
 .note.GNU-stack
                0x0000000000000000        0x0 binaries/hexdump.o
 .note.GNU-stack
                0x0000000000000000        0x0 binaries/icmp.o
 .note.GNU-stack
                0x0000000000000000        0x0 binaries/ip.o
 .note.GNU-stack
                0x0000000000000000        0x0 binaries/net.o
 .note.GNU-stack
                0x0000000000000000        0x0 binaries/pdump.o
 .note.GNU-stack
                0x0000000000000000        0x0 binaries/tftp.o
 .note.GNU-stack
                0x0000000000000000        0x0 binaries/udp.o
 .note.GNU-stack
                0x0000000000000000        0x0 binaries/addargs.o
 .note.GNU-stack
                0x0000000000000000        0x0 binaries/lexan.o
 .note.GNU-stack
                0x0000000000000000        0x0 binaries/shell.o
 .note.GNU-stack
                0x0000000000000000        0x0 binaries/xsh_argecho.o
 .note.GNU-stack
                0x0000000000000000        0x0 binaries/xsh_arp.o
 .note.GNU-stack
                0x0000000000000000        0x0 binaries/xsh_calculator.o
 .note.GNU-stack
                0x0000000000000000        0x0 binaries/xsh_cat.o
 .note.GNU-stack
                0x0000000000000000        0x0 binaries/xsh_clear.o
 .note.GNU-stack
                0x0000000000000000        0x0 binaries/xsh_date.o
 .note.GNU-stack
                0x0000000000000000        0x0 binaries/xsh_devdump.o
 .note.GNU-stack
                0x0000000000000000        0x0 binaries/xsh_echo.o
 .note.GNU-stack
                0x0000000000000000        0x0 binaries/xsh_exit.o
 .note.GNU-stack
                0x0000000000000000        0x0 binaries/xsh_help.o
 .note.GNU-stack
                0x0000000000000000        0x0 binaries/xsh_kill.o
 .note.GNU-stack
                0x0000000000000000        0x0 binaries/xsh_memdump.o
 .note.GNU-stack
                0x0000000000000000        0x0 binaries/xsh_memstat.o
 .note.GNU-stack
                0x0000000000000000        0x0 binaries/xsh_netinfo.o
 .note.GNU-stack
                0x0000000000000000        0x0 binaries/xsh_ping.o
 .note.GNU-stack
                0x0000000000000000        0x0 binaries/xsh_ps.o
 .note.GNU-stack
                0x0000000000000000        0x0 binaries/xsh_sleep.o
 .note.GNU-stack
                0x0000000000000000        0x0 binaries/xsh_timer.o
 .note.GNU-stack
                0x0000000000000000        0x0 binaries/xsh_udpdump.o
 .note.GNU-stack
                0x0000000000000000        0x0 binaries/xsh_udpecho.o
 .note.GNU-stack
                0x0000000000000000        0x0 binaries/xsh_udpserver.o
 .note.GNU-stack
                0x0000000000000000        0x0 binaries/xsh_uptime.o
