
Allocating common symbols
Common symbol       size              file

fdatabuffer         0x14              binaries/main.o
netbufpool          0x4               binaries/net.o
readylist           0x2               binaries/ready.o
rfltab              0x5a0             binaries/rflinit.o
netportseed         0x8               binaries/net.o
sleepq              0x2               binaries/clkinit.o
bufferpoolptr1      0x4               binaries/main.o
pidmain             0x4               binaries/main.o
count2              0x4               binaries/main.o
pidcalc             0x4               binaries/main.o
nnames              0x4               binaries/naminit.o
udptab              0x168             binaries/udp.o
minheap             0x4               binaries/meminit.o
marks               0x50              binaries/mark.o
head1               0x4               binaries/main.o
currpid             0x4               binaries/initialize.o
Lf_data             0x20c             binaries/lfsinit.o
porttab             0x2d0             binaries/ptinit.o
girmask             0x2               binaries/evec.o
ttytab              0x110             binaries/ttyinit.o
proctab             0x15e0            binaries/initialize.o
flag                0x4               binaries/main.o
prcount             0x4               binaries/initialize.o
updateflag          0x4               binaries/main.o
pidtimer            0x4               binaries/main.o
pidtask             0x4               binaries/main.o
lfltab              0xf00             binaries/lflinit.o
rdstab              0x8c              binaries/rdsinit.o
ethertab            0x130             binaries/ethinit.o
tail                0x4               binaries/main.o
minimizedpids       0x4               binaries/ascdate.o
NetData             0xb0              binaries/net.o
nmarks              0x4               binaries/mark.o
bufferpoolptr2      0x4               binaries/main.o
fibuffer            0x4               binaries/main.o
head                0x4               binaries/main.o
timerbuffer         0x28              binaries/main.o
initsp              0x4               binaries/i386.o
minipidlist         0x4               binaries/ascdate.o
Defer               0x8               binaries/resched.o
semtab              0x4b0             binaries/initialize.o
maxheap             0x4               binaries/meminit.o
preempt             0x4               binaries/clkinit.o
buftab              0x1310            binaries/bufinit.o
Rf_data             0x18              binaries/rfsinit.o
tail2               0x4               binaries/main.o
fopbuffer           0x14              binaries/main.o
mkmutex             0x4               binaries/mark.o
head2               0x4               binaries/main.o
count               0x4               binaries/main.o
clktime             0x4               binaries/clkinit.o
count1              0x4               binaries/main.o
arpcache            0x140             binaries/arp.o
icmptab             0x230             binaries/icmp.o
nbpools             0x4               binaries/bufinit.o
fdataindex          0x4               binaries/main.o
queuetab            0x980             binaries/queue.o
ptnextid            0x4               binaries/ptinit.o
Ram                 0x19000           binaries/raminit.o
ipoqueue            0x2c              binaries/ip.o
bufferpoolptr       0x4               binaries/main.o
tail1               0x4               binaries/main.o
minar               0x320             binaries/main.o
memlist             0x8               binaries/initialize.o
nametab             0x19a0            binaries/naminit.o
ptfree              0x4               binaries/ptinit.o

Memory Configuration

Name             Origin             Length             Attributes
*default*        0x0000000000000000 0xffffffffffffffff

Linker script and memory map

                0x0000000000100000                physbase = 0x100000
                0x0000000000100000                . = physbase
                0x0000000000100000                . = ALIGN (0x1000)

.text           0x0000000000100000    0x1c000
                0x0000000000100000                text = ABSOLUTE (.)
 *(.text .text.*)
 .text          0x0000000000100000      0x165 binaries/start.o
                0x0000000000100020                entry
                0x000000000010003d                start
                0x00000000001000a5                inb
                0x00000000001000ad                inw
                0x00000000001000b6                inl
                0x00000000001000be                outb
                0x00000000001000c8                outw
                0x00000000001000d3                outl
                0x00000000001000dd                _rtcin
                0x00000000001000e8                ___udivsi3
                0x00000000001000f3                ___divsi3
                0x00000000001000ff                sbzero
                0x000000000010010f                bcopy
                0x0000000000100123                insw
                0x0000000000100139                outsw
                0x000000000010014f                lidt
                0x0000000000100157                jumptocode
                0x000000000010015e                jumptobootcode
 .text          0x0000000000100165      0x3e3 binaries/ascdate.o
                0x0000000000100165                ascdate
 .text          0x0000000000100548       0x14 binaries/bufinit.o
                0x0000000000100548                bufinit
 .text          0x000000000010055c       0x94 binaries/chprio.o
                0x000000000010055c                chprio
 .text          0x00000000001005f0       0x96 binaries/clkhandler.o
                0x00000000001005f0                clkhandler
 .text          0x0000000000100686       0x7e binaries/clkinit.o
                0x0000000000100686                clkinit
 .text          0x0000000000100704       0x75 binaries/close.o
                0x0000000000100704                close
 .text          0x0000000000100779        0x0 binaries/conf.o
 .text          0x0000000000100779       0x7b binaries/control.o
                0x0000000000100779                control
 .text          0x00000000001007f4      0x2c0 binaries/create.o
                0x00000000001007f4                create
 .text          0x0000000000100ab4      0x359 binaries/evec.o
                0x0000000000100ab4                initevec
                0x0000000000100b0b                set_evec
                0x0000000000100bad                trap
 .text          0x0000000000100e0d       0x19 binaries/exit.o
                0x0000000000100e0d                exit
 .text          0x0000000000100e26       0x92 binaries/freebuf.o
                0x0000000000100e26                freebuf
 .text          0x0000000000100eb8      0x172 binaries/freemem.o
                0x0000000000100eb8                freemem
 .text          0x000000000010102a       0x90 binaries/getbuf.o
                0x000000000010102a                getbuf
 .text          0x00000000001010ba       0x75 binaries/getc.o
                0x00000000001010ba                getc
 .text          0x000000000010112f       0x74 binaries/getdev.o
                0x000000000010112f                getdev
 .text          0x00000000001011a3       0xd0 binaries/getitem.o
                0x00000000001011a3                getfirst
                0x00000000001011e8                getlast
                0x000000000010122f                getitem
 .text          0x0000000000101273      0x10a binaries/getmem.o
                0x0000000000101273                getmem
 .text          0x000000000010137d        0xa binaries/getpid.o
                0x000000000010137d                getpid
 .text          0x0000000000101387       0x7d binaries/getprio.o
                0x0000000000101387                getprio
 .text          0x0000000000101404       0xfb binaries/getstk.o
                0x0000000000101404                getstk
 .text          0x00000000001014ff       0x16 binaries/getticks.o
                0x00000000001014ff                getticks
 .text          0x0000000000101515       0x3a binaries/gettime.o
                0x0000000000101515                gettime
 .text          0x000000000010154f      0x1e4 binaries/getutime.o
                0x000000000010154f                getutime
 .text          0x0000000000101733      0x3c5 binaries/i386.o
                0x0000000000101733                setsegs
                0x0000000000101845                init8259
                0x00000000001018f7                pseg
                0x0000000000101a9f                setirmask
 .text          0x0000000000101af8       0x75 binaries/init.o
                0x0000000000101af8                init
 .text          0x0000000000101b6d      0x3c8 binaries/initialize.o
                0x0000000000101b6d                nulluser
                0x0000000000101edc                stop
                0x0000000000101f07                delay
 .text          0x0000000000101f35       0xde binaries/insert.o
                0x0000000000101f35                insert
 .text          0x0000000000102013      0x110 binaries/insertd.o
                0x0000000000102013                insertd
 .text          0x0000000000102123        0xa binaries/ioerr.o
                0x0000000000102123                ioerr
 .text          0x000000000010212d        0xa binaries/ionull.o
                0x000000000010212d                ionull
 .text          0x0000000000102137      0x19d binaries/kill.o
                0x0000000000102137                kill
 .text          0x00000000001022d4      0x14e binaries/kprintf.o
                0x00000000001022d4                kputc
                0x0000000000102367                kgetc
                0x00000000001023f8                kprintf
 .text          0x0000000000102422     0x161a binaries/main.o
                0x0000000000102422                minapps
                0x000000000010260b                main
                0x00000000001028b4                showmenu
                0x000000000010293c                tasksheduler
                0x0000000000102b5a                calculator
                0x000000000010309f                timer
                0x0000000000103225                filemanagement
 .text          0x0000000000103a3c       0xb5 binaries/mark.o
                0x0000000000103a3c                markinit
                0x0000000000103a60                mark
 .text          0x0000000000103af1       0xcc binaries/meminit.o
                0x0000000000103af1                meminit
 .text          0x0000000000103bbd      0x17a binaries/mkbufpool.o
                0x0000000000103bbd                mkbufpool
 .text          0x0000000000103d37       0x94 binaries/newqueue.o
                0x0000000000103d37                newqueue
 .text          0x0000000000103dcb       0x7b binaries/open.o
                0x0000000000103dcb                open
 .text          0x0000000000103e46       0x20 binaries/panic.o
                0x0000000000103e46                panic
 .text          0x0000000000103e66      0x489 binaries/pci.o
                0x0000000000103e66                pci_init
                0x0000000000104123                find_pci_device
                0x0000000000104171                pci_bios_read_config_byte
                0x00000000001041b0                pci_bios_read_config_word
                0x00000000001041f2                pci_bios_read_config_dword
                0x0000000000104231                pci_bios_write_config_byte
                0x0000000000104272                pci_bios_write_config_word
                0x00000000001042b4                pci_bios_write_config_dword
 .text          0x00000000001042ef       0xf1 binaries/ptclear.o
                0x00000000001042ef                _ptclear
 .text          0x00000000001043e0       0x9d binaries/ptcount.o
                0x00000000001043e0                ptcount
 .text          0x000000000010447d      0x116 binaries/ptcreate.o
                0x000000000010447d                ptcreate
 .text          0x0000000000104593       0x7f binaries/ptdelete.o
                0x0000000000104593                ptdelete
 .text          0x0000000000104612       0xbf binaries/ptinit.o
                0x0000000000104612                ptinit
 .text          0x00000000001046d1      0x11b binaries/ptrecv.o
                0x00000000001046d1                ptrecv
 .text          0x00000000001047ec       0x77 binaries/ptreset.o
                0x00000000001047ec                ptreset
 .text          0x0000000000104863      0x13d binaries/ptsend.o
                0x0000000000104863                ptsend
 .text          0x00000000001049a0       0x80 binaries/putc.o
                0x00000000001049a0                putc
 .text          0x0000000000104a20      0x111 binaries/queue.o
                0x0000000000104a20                enqueue
                0x0000000000104ac4                dequeue
 .text          0x0000000000104b31       0x7b binaries/read.o
                0x0000000000104b31                read
 .text          0x0000000000104bac       0x7e binaries/ready.o
                0x0000000000104bac                ready
 .text          0x0000000000104c2a       0x62 binaries/receive.o
                0x0000000000104c2a                receive
 .text          0x0000000000104c8c       0x5e binaries/recvclr.o
                0x0000000000104c8c                recvclr
 .text          0x0000000000104cea       0xbd binaries/recvtime.o
                0x0000000000104cea                recvtime
 .text          0x0000000000104da7      0x1df binaries/resched.o
                0x0000000000104da7                resched
                0x0000000000104f11                resched_cntl
 .text          0x0000000000104f86       0xb1 binaries/reschedule.o
                0x0000000000104f86                reschedule
 .text          0x0000000000105037       0xb1 binaries/resume.o
                0x0000000000105037                resume
 .text          0x00000000001050e8       0x79 binaries/seek.o
                0x00000000001050e8                seek
 .text          0x0000000000105161       0x70 binaries/semcount.o
                0x0000000000105161                semcount
 .text          0x00000000001051d1       0xd6 binaries/semcreate.o
                0x00000000001051d1                semcreate
 .text          0x00000000001052a7       0xcd binaries/semdelete.o
                0x00000000001052a7                semdelete
 .text          0x0000000000105374       0xcb binaries/semreset.o
                0x0000000000105374                semreset
 .text          0x000000000010543f       0xed binaries/send.o
                0x000000000010543f                send
 .text          0x000000000010552c       0xa8 binaries/signal.o
                0x000000000010552c                signal
 .text          0x00000000001055d4       0xd6 binaries/signaln.o
                0x00000000001055d4                signaln
 .text          0x00000000001056aa       0xed binaries/sleep.o
                0x00000000001056aa                sleep
                0x00000000001056f8                sleepms
 .text          0x0000000000105797      0x192 binaries/stacktrace.o
                0x0000000000105797                stacktrace
 .text          0x0000000000105929       0xe7 binaries/suspend.o
                0x0000000000105929                suspend
 .text          0x0000000000105a10       0xe9 binaries/unsleep.o
                0x0000000000105a10                unsleep
 .text          0x0000000000105af9       0x19 binaries/userret.o
                0x0000000000105af9                userret
 .text          0x0000000000105b12       0xdd binaries/wait.o
                0x0000000000105b12                wait
 .text          0x0000000000105bef       0x72 binaries/wakeup.o
                0x0000000000105bef                wakeup
 .text          0x0000000000105c61       0x7b binaries/write.o
                0x0000000000105c61                write
 .text          0x0000000000105cdc       0x1d binaries/xdone.o
                0x0000000000105cdc                xdone
 .text          0x0000000000105cf9       0x28 binaries/yield.o
                0x0000000000105cf9                yield
 .text          0x0000000000105d21       0x11 binaries/abs.o
                0x0000000000105d21                abs
 .text          0x0000000000105d32       0x8f binaries/atoi.o
                0x0000000000105d32                atoi
 .text          0x0000000000105dc1       0x8f binaries/atol.o
                0x0000000000105dc1                atol
 .text          0x0000000000105e50       0x31 binaries/bzero.o
                0x0000000000105e50                bzero
 .text          0x0000000000105e81        0x0 binaries/ctype_.o
 .text          0x0000000000105e81      0x8ed binaries/doprnt.o
                0x0000000000105e81                _doprnt
 .text          0x000000000010676e      0x65c binaries/doscan.o
                0x000000000010676e                _doscan
 .text          0x0000000000106dca      0x711 binaries/fdoprnt.o
                0x0000000000106dca                _fdoprnt
 .text          0x00000000001074db       0x29 binaries/fgetc.o
                0x00000000001074db                fgetc
 .text          0x0000000000107504       0x75 binaries/fgets.o
                0x0000000000107504                fgets
 .text          0x0000000000107579       0x2a binaries/fprintf.o
                0x0000000000107579                fprintf
 .text          0x00000000001075a3       0x2c binaries/fputc.o
                0x00000000001075a3                fputc
 .text          0x00000000001075cf       0x43 binaries/fputs.o
                0x00000000001075cf                fputs
 .text          0x0000000000107612       0x8a binaries/fscanf.o
                0x0000000000107612                fscanf
 .text          0x000000000010769c       0x32 binaries/getchar.o
                0x000000000010769c                getchar
 .text          0x00000000001076ce       0x11 binaries/labs.o
                0x00000000001076ce                labs
 .text          0x00000000001076df        0x0 binaries/memchr.o
 .text          0x00000000001076df       0x51 binaries/memcmp.o
                0x00000000001076df                memcmp
 .text          0x0000000000107730       0x3f binaries/memcpy.o
                0x0000000000107730                memcpy
 .text          0x000000000010776f       0x30 binaries/memset.o
                0x000000000010776f                memset
 .text          0x000000000010779f       0x48 binaries/printf.o
                0x000000000010779f                printf
 .text          0x00000000001077e7       0x35 binaries/putchar.o
                0x00000000001077e7                putchar
 .text          0x000000000010781c      0x27e binaries/qsort.o
                0x000000000010781c                qsort
 .text          0x0000000000107a9a       0x63 binaries/rand.o
                0x0000000000107a9a                rand
                0x0000000000107ab2                rand_r
                0x0000000000107af0                srand
 .text          0x0000000000107afd       0x66 binaries/sprintf.o
                0x0000000000107afd                sprintf
 .text          0x0000000000107b63       0x70 binaries/sscanf.o
                0x0000000000107b63                sscanf
 .text          0x0000000000107bd3       0x3c binaries/strchr.o
                0x0000000000107bd3                strchr
 .text          0x0000000000107c0f       0x45 binaries/strcmp.o
                0x0000000000107c0f                strcmp
 .text          0x0000000000107c54       0x27 binaries/strcpy.o
                0x0000000000107c54                strcpy
 .text          0x0000000000107c7b       0x26 binaries/strlen.o
                0x0000000000107c7b                strlen
 .text          0x0000000000107ca1       0x56 binaries/strncat.o
                0x0000000000107ca1                strncat
 .text          0x0000000000107cf7       0x5f binaries/strncmp.o
                0x0000000000107cf7                strncmp
 .text          0x0000000000107d56       0x4f binaries/strncpy.o
                0x0000000000107d56                strncpy
 .text          0x0000000000107da5       0x2e binaries/strnlen.o
                0x0000000000107da5                strnlen
 .text          0x0000000000107dd3       0x45 binaries/strrchr.o
                0x0000000000107dd3                strrchr
 .text          0x0000000000107e18       0x6d binaries/strstr.o
                0x0000000000107e18                strstr
 .text          0x0000000000107e85       0xe4 binaries/ttycontrol.o
                0x0000000000107e85                ttycontrol
 .text          0x0000000000107f69       0x97 binaries/ttygetc.o
                0x0000000000107f69                ttygetc
 .text          0x0000000000108000      0x6ee binaries/ttyhandle_in.o
                0x0000000000108000                ttyhandle_in
 .text          0x00000000001086ee      0x1ae binaries/ttyhandle_out.o
                0x00000000001086ee                ttyhandle_out
 .text          0x000000000010889c       0xce binaries/ttyhandler.o
                0x000000000010889c                ttyhandler
 .text          0x000000000010896a      0x22f binaries/ttyinit.o
                0x000000000010896a                ttyinit
 .text          0x0000000000108b99       0x1b binaries/ttykickout.o
                0x0000000000108b99                ttykickout
 .text          0x0000000000108bb4       0xb7 binaries/ttyputc.o
                0x0000000000108bb4                ttyputc
 .text          0x0000000000108c6b      0x11b binaries/ttyread.o
                0x0000000000108c6b                ttyread
 .text          0x0000000000108d86       0x4f binaries/ttywrite.o
                0x0000000000108d86                ttywrite
 .text          0x0000000000108dd5      0x14b binaries/mount.o
                0x0000000000108dd5                mount
                0x0000000000108eea                namlen
 .text          0x0000000000108f20      0x1ea binaries/naminit.o
                0x0000000000108f20                naminit
 .text          0x000000000010910a      0x211 binaries/nammap.o
                0x000000000010910a                nammap
                0x0000000000109195                namrepl
                0x00000000001092cb                namcpy
 .text          0x000000000010931b       0x4e binaries/namopen.o
                0x000000000010931b                namopen
 .text          0x0000000000109369      0xec3 binaries/82545EMInit.o
                0x00000000001093c7                _82545EMInit
                0x000000000010a098                _82545EM_read_phy_reg
                0x000000000010a15e                _82545EM_write_phy_reg
 .text          0x000000000010a22c      0x241 binaries/ethcontrol.o
                0x000000000010a28a                ethcontrol
                0x000000000010a400                ethIrqDisable
                0x000000000010a435                ethIrqEnable
 .text          0x000000000010a46d      0x252 binaries/ethhandler.o
                0x000000000010a5dd                ethhandler
 .text          0x000000000010a6bf      0x126 binaries/ethinit.o
                0x000000000010a6bf                ethinit
 .text          0x000000000010a7e5      0x1f4 binaries/ethread.o
                0x000000000010a843                ethread
 .text          0x000000000010a9d9      0x19f binaries/ethwrite.o
                0x000000000010aa37                ethwrite
 .text          0x000000000010ab78       0x9e binaries/rdsbufalloc.o
                0x000000000010ab78                rdsbufalloc
 .text          0x000000000010ac16       0xcc binaries/rdsclose.o
                0x000000000010ac16                rdsclose
 .text          0x000000000010ace2      0x2e8 binaries/rdscomm.o
                0x000000000010ace2                rdscomm
 .text          0x000000000010afca      0x233 binaries/rdscontrol.o
                0x000000000010afca                rdscontrol
 .text          0x000000000010b1fd      0x1f3 binaries/rdsinit.o
                0x000000000010b1fd                rdsinit
 .text          0x000000000010b3f0      0x19b binaries/rdsopen.o
                0x000000000010b3f0                rdsopen
 .text          0x000000000010b58b      0x461 binaries/rdsprocess.o
                0x000000000010b58b                rdsprocess
 .text          0x000000000010b9ec      0x259 binaries/rdsread.o
                0x000000000010b9ec                rdsread
 .text          0x000000000010bc45      0x1fe binaries/rdswrite.o
                0x000000000010bc45                rdswrite
 .text          0x000000000010be43        0xa binaries/ramclose.o
                0x000000000010be43                ramclose
 .text          0x000000000010be4d       0x3e binaries/raminit.o
                0x000000000010be4d                raminit
 .text          0x000000000010be8b        0xa binaries/ramopen.o
                0x000000000010be8b                ramopen
 .text          0x000000000010be95       0x32 binaries/ramread.o
                0x000000000010be95                ramread
 .text          0x000000000010bec7       0x32 binaries/ramwrite.o
                0x000000000010bec7                ramwrite
 .text          0x000000000010bef9       0x98 binaries/lfdballoc.o
                0x000000000010bef9                lfdballoc
 .text          0x000000000010bf91       0x58 binaries/lfdbfree.o
                0x000000000010bf91                lfdbfree
 .text          0x000000000010bfe9       0xb6 binaries/lfflush.o
                0x000000000010bfe9                lfflush
 .text          0x000000000010c09f       0xd8 binaries/lfgetmode.o
                0x000000000010c09f                lfgetmode
 .text          0x000000000010c177       0x68 binaries/lfiballoc.o
                0x000000000010c177                lfiballoc
 .text          0x000000000010c1df       0x3b binaries/lfibclear.o
                0x000000000010c1df                lfibclear
 .text          0x000000000010c21a       0xad binaries/lfibget.o
                0x000000000010c21a                lfibget
 .text          0x000000000010c2c7       0xdc binaries/lfibput.o
                0x000000000010c2c7                lfibput
 .text          0x000000000010c3a3       0xa2 binaries/lflclose.o
                0x000000000010c3a3                lflclose
 .text          0x000000000010c445       0xd0 binaries/lflcontrol.o
                0x000000000010c445                lflcontrol
 .text          0x000000000010c515       0xf2 binaries/lflgetc.o
                0x000000000010c515                lflgetc
 .text          0x000000000010c607       0xf1 binaries/lflinit.o
                0x000000000010c607                lflinit
 .text          0x000000000010c6f8      0x122 binaries/lflputc.o
                0x000000000010c6f8                lflputc
 .text          0x000000000010c81a       0x70 binaries/lflread.o
                0x000000000010c81a                lflread
 .text          0x000000000010c88a       0xac binaries/lflseek.o
                0x000000000010c88a                lflseek
 .text          0x000000000010c936       0x55 binaries/lflwrite.o
                0x000000000010c936                lflwrite
 .text          0x000000000010c98b       0x62 binaries/lfscheck.o
                0x000000000010c98b                lfscheck
 .text          0x000000000010c9ed      0x175 binaries/lfsckfmt.o
                0x000000000010c9ed                lfsckfmt
 .text          0x000000000010cb62      0x1ad binaries/lfscreate.o
                0x000000000010cb62                lfscreate
 .text          0x000000000010cd0f      0x278 binaries/lfsetup.o
                0x000000000010cd0f                lfsetup
 .text          0x000000000010cf87       0x51 binaries/lfsinit.o
                0x000000000010cf87                lfsinit
 .text          0x000000000010cfd8      0x3c0 binaries/lfsopen.o
                0x000000000010cfd8                lfsopen
 .text          0x000000000010d398      0x15e binaries/lftruncate.o
                0x000000000010d398                lftruncate
 .text          0x000000000010d4f6       0x71 binaries/rflclose.o
                0x000000000010d4f6                rflclose
 .text          0x000000000010d567       0x32 binaries/rflgetc.o
                0x000000000010d567                rflgetc
 .text          0x000000000010d599       0x76 binaries/rflinit.o
                0x000000000010d599                rflinit
 .text          0x000000000010d60f       0x33 binaries/rflputc.o
                0x000000000010d60f                rflputc
 .text          0x000000000010d642      0x360 binaries/rflread.o
                0x000000000010d642                rflread
 .text          0x000000000010d9a2       0x74 binaries/rflseek.o
                0x000000000010d9a2                rflseek
 .text          0x000000000010da16      0x34d binaries/rflwrite.o
                0x000000000010da16                rflwrite
 .text          0x000000000010dd63      0x1e2 binaries/rfscomm.o
                0x000000000010dd63                rfscomm
 .text          0x000000000010df45      0x26d binaries/rfscontrol.o
                0x000000000010df45                rfscontrol
 .text          0x000000000010e1b2       0xd8 binaries/rfsgetmode.o
                0x000000000010e1b2                rfsgetmode
 .text          0x000000000010e28a       0x86 binaries/rfsinit.o
                0x000000000010e28a                rfsinit
 .text          0x000000000010e310      0x111 binaries/rfsndmsg.o
                0x000000000010e310                rfsndmsg
 .text          0x000000000010e421      0x2aa binaries/rfsopen.o
                0x000000000010e421                rfsopen
 .text          0x000000000010e6cb      0x836 binaries/arp.o
                0x000000000010e6cb                arp_init
                0x000000000010e6fd                arp_resolve
                0x000000000010e9b1                arp_in
                0x000000000010ec69                arp_alloc
                0x000000000010ed29                arp_ntoh
                0x000000000010ee15                arp_hton
 .text          0x000000000010ef01      0x8e3 binaries/dhcp.o
                0x000000000010ef01                dhcp_get_opt_val
                0x000000000010ef5a                dhcp_bld_bootp_msg
                0x000000000010f067                dhcp_bld_disc
                0x000000000010f150                dhcp_bld_req
                0x000000000010f2c2                getlocalip
 .text          0x000000000010f7e4      0x59f binaries/dns.o
                0x000000000010f7e4                dnslookup
 .text          0x000000000010fd83       0xe8 binaries/dot2ip.o
                0x000000000010fd83                dot2ip
 .text          0x000000000010fe6b      0x4c4 binaries/hexdump.o
                0x000000000010fe6b                hexdump
                0x0000000000110012                hexadump
 .text          0x000000000011032f      0x8af binaries/icmp.o
                0x000000000011032f                icmp_init
                0x0000000000110366                icmp_in
                0x000000000011053c                icmp_register
                0x0000000000110637                icmp_recv
                0x00000000001107c3                icmp_send
                0x000000000011084b                icmp_mkpkt
                0x0000000000110965                icmp_release
                0x0000000000110a63                icmp_cksum
                0x0000000000110af6                icmp_hton
                0x0000000000110b6a                icmp_ntoh
 .text          0x0000000000110bde      0x8a5 binaries/ip.o
                0x0000000000110bde                ip_in
                0x0000000000110d62                ip_send
                0x0000000000110ebd                ip_local
                0x0000000000110f09                ip_out
                0x0000000000111042                ipcksum
                0x00000000001110c8                ip_ntoh
                0x00000000001111b4                ip_hton
                0x00000000001112a0                ipout
                0x00000000001113cf                ip_enqueue
 .text          0x0000000000111483      0x2cd binaries/net.o
                0x0000000000111483                net_init
                0x00000000001115ab                netin
                0x0000000000111668                eth_hton
                0x0000000000111692                eth_ntoh
                0x00000000001116bc                getport
 .text          0x0000000000111750     0x147f binaries/pdump.o
                0x0000000000111750                pdump
                0x000000000011250d                pdumph
 .text          0x0000000000112bcf      0x613 binaries/tftp.o
                0x0000000000112bcf                tftp_send1
                0x0000000000112d47                tftpget
                0x0000000000112d79                tftpget_mb
 .text          0x00000000001131e2      0xb82 binaries/udp.o
                0x00000000001131e2                udp_init
                0x0000000000113217                udp_in
                0x0000000000113359                udp_register
                0x0000000000113496                udp_recv
                0x0000000000113632                udp_recvaddr
                0x00000000001137e6                udp_send
                0x00000000001139ce                udp_sendto
                0x0000000000113b7f                udp_release
                0x0000000000113c7a                udp_ntoh
                0x0000000000113cef                udp_hton
 .text          0x0000000000113d64      0x13b binaries/addargs.o
                0x0000000000113d64                addargs
 .text          0x0000000000113e9f      0x2c9 binaries/lexan.o
                0x0000000000113e9f                lexan
 .text          0x0000000000114168      0x667 binaries/shell.o
                0x0000000000114168                shell
 .text          0x00000000001147cf       0x69 binaries/xsh_argecho.o
                0x00000000001147cf                xsh_argecho
 .text          0x0000000000114838      0x275 binaries/xsh_arp.o
                0x0000000000114838                xsh_arp
 .text          0x0000000000114aad      0x275 binaries/xsh_cat.o
                0x0000000000114aad                xsh_cat
 .text          0x0000000000114d22       0x5f binaries/xsh_clear.o
                0x0000000000114d22                xsh_clear
 .text          0x0000000000114d81      0x2ff binaries/xsh_date.o
                0x0000000000114d81                xsh_date
 .text          0x0000000000115080       0xaf binaries/xsh_devdump.o
                0x0000000000115080                xsh_devdump
 .text          0x000000000011512f       0x72 binaries/xsh_echo.o
                0x000000000011512f                xsh_echo
 .text          0x00000000001151a1        0xa binaries/xsh_exit.o
                0x00000000001151a1                xsh_exit
 .text          0x00000000001151ab      0x38b binaries/xsh_help.o
                0x00000000001151ab                xsh_help
 .text          0x0000000000115536      0x24e binaries/xsh_kill.o
                0x0000000000115536                xsh_kill
 .text          0x0000000000115784      0x54b binaries/xsh_memdump.o
                0x0000000000115784                xsh_memdump
 .text          0x0000000000115ccf      0x2b1 binaries/xsh_memstat.o
                0x0000000000115ccf                xsh_memstat
 .text          0x0000000000115f80      0x511 binaries/xsh_netinfo.o
                0x0000000000115f80                xsh_netinfo
 .text          0x0000000000116491      0x498 binaries/xsh_ping.o
                0x0000000000116491                xsh_ping
 .text          0x0000000000116929      0x229 binaries/xsh_ps.o
                0x0000000000116929                xsh_ps
 .text          0x0000000000116b52      0x22a binaries/xsh_sleep.o
                0x0000000000116b52                xsh_sleep
 .text          0x0000000000116d7c      0x27c binaries/xsh_udpdump.o
                0x0000000000116d7c                xsh_udpdump
 .text          0x0000000000116ff8      0x4cc binaries/xsh_udpecho.o
                0x0000000000116ff8                xsh_udpecho
 .text          0x00000000001174c4      0x2b6 binaries/xsh_udpserver.o
                0x00000000001174c4                xsh_udpeserver
 .text          0x000000000011777a      0x1f5 binaries/xsh_uptime.o
                0x000000000011777a                xsh_uptime
 .text          0x000000000011796f        0xe binaries/clkdisp.o
                0x000000000011796f                clkdisp
 .text          0x000000000011797d       0x19 binaries/ctxsw.o
                0x000000000011797d                ctxsw
 .text          0x0000000000117996      0x36b binaries/intr.o
                0x0000000000117996                disable
                0x000000000011799f                restore
                0x00000000001179ad                enable
                0x00000000001179af                pause
                0x00000000001179b6                halt
                0x00000000001179bc                spurious_irq7
                0x00000000001179c1                spurious_irq15
                0x00000000001179d0                _Xint0
                0x00000000001179db                _Xint1
                0x00000000001179e6                _Xint2
                0x00000000001179f1                _Xint3
                0x00000000001179fc                _Xint4
                0x0000000000117a07                _Xint5
                0x0000000000117a12                _Xint6
                0x0000000000117a1d                _Xint7
                0x0000000000117a28                _Xint8
                0x0000000000117a33                _Xint9
                0x0000000000117a3e                _Xint10
                0x0000000000117a49                _Xint11
                0x0000000000117a57                _Xint12
                0x0000000000117a65                _Xint13
                0x0000000000117a73                _Xint14
                0x0000000000117a81                _Xint15
                0x0000000000117a8f                _Xint16
                0x0000000000117a9d                _Xint17
                0x0000000000117aab                _Xint18
                0x0000000000117ab9                _Xint19
                0x0000000000117ac7                _Xint20
                0x0000000000117ad5                _Xint21
                0x0000000000117ae3                _Xint22
                0x0000000000117af1                _Xint23
                0x0000000000117aff                _Xint24
                0x0000000000117b0d                _Xint25
                0x0000000000117b1b                _Xint26
                0x0000000000117b29                _Xint27
                0x0000000000117b37                _Xint28
                0x0000000000117b45                _Xint29
                0x0000000000117b53                _Xint30
                0x0000000000117b61                _Xint31
                0x0000000000117b6f                _Xint32
                0x0000000000117b7d                _Xint33
                0x0000000000117b8b                _Xint34
                0x0000000000117b99                _Xint35
                0x0000000000117ba7                _Xint36
                0x0000000000117bb5                _Xint37
                0x0000000000117bc3                _Xint38
                0x0000000000117bd1                _Xint39
                0x0000000000117bdf                _Xint40
                0x0000000000117bed                _Xint41
                0x0000000000117bfb                _Xint42
                0x0000000000117c09                _Xint43
                0x0000000000117c17                _Xint44
                0x0000000000117c25                _Xint45
                0x0000000000117c33                _Xint46
                0x0000000000117c41                defevec
 .text          0x0000000000117d01        0xf binaries/ttydispatch.o
                0x0000000000117d01                ttydispatch
 .text          0x0000000000117d10       0x13 binaries/ethdispatch.o
                0x0000000000117d10                ethdispatch
 *(.rodata .rodata.*)
 *fill*         0x0000000000117d23        0x1 
 .rodata        0x0000000000117d24       0x8e binaries/ascdate.o
 .rodata        0x0000000000117db2       0xae binaries/conf.o
 .rodata        0x0000000000117e60      0x22f binaries/evec.o
 *fill*         0x000000000011808f        0x1 
 .rodata        0x0000000000118090       0x61 binaries/getutime.o
 *fill*         0x00000000001180f1        0x3 
 .rodata        0x00000000001180f4       0x90 binaries/i386.o
 .rodata        0x0000000000118184      0x181 binaries/initialize.o
 *fill*         0x0000000000118305        0x3 
 .rodata        0x0000000000118308       0x20 binaries/kill.o
 .rodata        0x0000000000118328      0x4df binaries/main.o
 .rodata        0x0000000000118807        0xf binaries/panic.o
 *fill*         0x0000000000118816        0x2 
 .rodata        0x0000000000118818      0x1ec binaries/pci.o
 .rodata        0x0000000000118a04       0x1d binaries/ptinit.o
 *fill*         0x0000000000118a21        0x3 
 .rodata        0x0000000000118a24       0x25 binaries/ptsend.o
 *fill*         0x0000000000118a49        0x3 
 .rodata        0x0000000000118a4c       0x90 binaries/resched.o
 .rodata        0x0000000000118adc       0xb7 binaries/stacktrace.o
 *fill*         0x0000000000118b93        0x1 
 .rodata        0x0000000000118b94       0x27 binaries/xdone.o
 *fill*         0x0000000000118bbb        0x5 
 .rodata        0x0000000000118bc0       0x81 binaries/ctype_.o
                0x0000000000118bc0                _ctype_
 *fill*         0x0000000000118c41        0x3 
 .rodata        0x0000000000118c44       0xee binaries/doprnt.o
 *fill*         0x0000000000118d32        0x2 
 .rodata        0x0000000000118d34       0x98 binaries/doscan.o
 .rodata        0x0000000000118dcc       0xae binaries/fdoprnt.o
 *fill*         0x0000000000118e7a        0x2 
 .rodata        0x0000000000118e7c       0x20 binaries/ttycontrol.o
 .rodata        0x0000000000118e9c       0x34 binaries/ttyhandler.o
 .rodata        0x0000000000118ed0       0x80 binaries/naminit.o
 .rodata        0x0000000000118f50       0x2e binaries/82545EMInit.o
 *fill*         0x0000000000118f7e        0x2 
 .rodata        0x0000000000118f80       0x78 binaries/ethinit.o
 .rodata        0x0000000000118ff8       0x18 binaries/ethread.o
 .rodata        0x0000000000119010       0x2c binaries/rdsbufalloc.o
 .rodata        0x000000000011903c       0x76 binaries/rdscomm.o
 *fill*         0x00000000001190b2        0x2 
 .rodata        0x00000000001190b4       0x48 binaries/rdscontrol.o
 .rodata        0x00000000001190fc       0x96 binaries/rdsinit.o
 *fill*         0x0000000000119192        0x2 
 .rodata        0x0000000000119194       0x22 binaries/rdsopen.o
 *fill*         0x00000000001191b6        0x2 
 .rodata        0x00000000001191b8       0x4d binaries/rdsprocess.o
 .rodata        0x0000000000119205        0x9 binaries/raminit.o
 *fill*         0x000000000011920e        0x2 
 .rodata        0x0000000000119210       0x37 binaries/lfdballoc.o
 .rodata        0x0000000000119247       0x14 binaries/lfiballoc.o
 *fill*         0x000000000011925b        0x1 
 .rodata        0x000000000011925c       0x23 binaries/lflcontrol.o
 *fill*         0x000000000011927f        0x1 
 .rodata        0x0000000000119280      0x11b binaries/lfsckfmt.o
 *fill*         0x000000000011939b        0x1 
 .rodata        0x000000000011939c       0x2a binaries/lfsopen.o
 *fill*         0x00000000001193c6        0x2 
 .rodata        0x00000000001193c8       0x21 binaries/rflread.o
 *fill*         0x00000000001193e9        0x3 
 .rodata        0x00000000001193ec       0x21 binaries/rflwrite.o
 *fill*         0x000000000011940d        0x3 
 .rodata        0x0000000000119410       0x75 binaries/rfscomm.o
 *fill*         0x0000000000119485        0x3 
 .rodata        0x0000000000119488       0x3c binaries/rfscontrol.o
 .rodata        0x00000000001194c4       0x63 binaries/rfsinit.o
 *fill*         0x0000000000119527        0x1 
 .rodata        0x0000000000119528       0x2a binaries/rfsndmsg.o
 *fill*         0x0000000000119552        0x2 
 .rodata        0x0000000000119554       0x22 binaries/rfsopen.o
 *fill*         0x0000000000119576        0x2 
 .rodata        0x0000000000119578       0x3a binaries/arp.o
 *fill*         0x00000000001195b2        0x2 
 .rodata        0x00000000001195b4       0xcf binaries/dhcp.o
 .rodata        0x0000000000119683       0x1a binaries/dns.o
 *fill*         0x000000000011969d        0x3 
 .rodata        0x00000000001196a0       0xc9 binaries/hexdump.o
 *fill*         0x0000000000119769        0x3 
 .rodata        0x000000000011976c       0x29 binaries/icmp.o
 *fill*         0x0000000000119795        0x3 
 .rodata        0x0000000000119798       0x6e binaries/ip.o
 *fill*         0x0000000000119806        0x2 
 .rodata        0x0000000000119808       0x4f binaries/net.o
 *fill*         0x0000000000119857        0x1 
 .rodata        0x0000000000119858      0x26f binaries/pdump.o
 *fill*         0x0000000000119ac7        0x1 
 .rodata        0x0000000000119ac8      0x154 binaries/tftp.o
 *fill*         0x0000000000119c1c        0x4 
 .rodata        0x0000000000119c20      0x3c1 binaries/shell.o
                0x0000000000119ca0                cmdtab
 .rodata        0x0000000000119fe1       0x28 binaries/xsh_argecho.o
 *fill*         0x000000000011a009        0x3 
 .rodata        0x000000000011a00c      0x123 binaries/xsh_arp.o
 *fill*         0x000000000011a12f        0x1 
 .rodata        0x000000000011a130       0xc9 binaries/xsh_cat.o
 .rodata        0x000000000011a1f9       0x19 binaries/xsh_clear.o
 *fill*         0x000000000011a212        0x2 
 .rodata        0x000000000011a214      0x1c3 binaries/xsh_date.o
 .rodata        0x000000000011a3d7       0x5d binaries/xsh_devdump.o
 .rodata        0x000000000011a434        0x9 binaries/xsh_echo.o
 *fill*         0x000000000011a43d        0x3 
 .rodata        0x000000000011a440      0x169 binaries/xsh_help.o
 *fill*         0x000000000011a5a9        0x3 
 .rodata        0x000000000011a5ac      0x12e binaries/xsh_kill.o
 *fill*         0x000000000011a6da        0x2 
 .rodata        0x000000000011a6dc      0x266 binaries/xsh_memdump.o
 *fill*         0x000000000011a942        0x2 
 .rodata        0x000000000011a944      0x225 binaries/xsh_memstat.o
 *fill*         0x000000000011ab69        0x3 
 .rodata        0x000000000011ab6c      0x1b0 binaries/xsh_netinfo.o
 .rodata        0x000000000011ad1c      0x1a1 binaries/xsh_ping.o
 *fill*         0x000000000011aebd        0x3 
 .rodata        0x000000000011aec0      0x1e0 binaries/xsh_ps.o
 .rodata        0x000000000011b0a0       0xeb binaries/xsh_sleep.o
 *fill*         0x000000000011b18b        0x1 
 .rodata        0x000000000011b18c      0x1b8 binaries/xsh_udpdump.o
 .rodata        0x000000000011b344      0x215 binaries/xsh_udpecho.o
 *fill*         0x000000000011b559        0x3 
 .rodata        0x000000000011b55c      0x12b binaries/xsh_udpserver.o
 *fill*         0x000000000011b687        0x1 
 .rodata        0x000000000011b688      0x105 binaries/xsh_uptime.o
                0x000000000011b78d                etext = ABSOLUTE (.)
                0x000000000011c000                . = ALIGN (0x1000)
 *fill*         0x000000000011b78d      0x873 

.eh_frame       0x000000000011c000     0x2d20
 .eh_frame      0x000000000011c000       0x38 binaries/ascdate.o
 .eh_frame      0x000000000011c038       0x20 binaries/bufinit.o
                                         0x38 (size before relaxing)
 .eh_frame      0x000000000011c058       0x20 binaries/chprio.o
                                         0x38 (size before relaxing)
 .eh_frame      0x000000000011c078       0x20 binaries/clkhandler.o
                                         0x38 (size before relaxing)
 .eh_frame      0x000000000011c098       0x20 binaries/clkinit.o
                                         0x38 (size before relaxing)
 .eh_frame      0x000000000011c0b8       0x20 binaries/close.o
                                         0x38 (size before relaxing)
 .eh_frame      0x000000000011c0d8       0x20 binaries/control.o
                                         0x38 (size before relaxing)
 .eh_frame      0x000000000011c0f8       0x40 binaries/create.o
                                         0x58 (size before relaxing)
 .eh_frame      0x000000000011c138       0x60 binaries/evec.o
                                         0x78 (size before relaxing)
 .eh_frame      0x000000000011c198       0x20 binaries/exit.o
                                         0x38 (size before relaxing)
 .eh_frame      0x000000000011c1b8       0x20 binaries/freebuf.o
                                         0x38 (size before relaxing)
 .eh_frame      0x000000000011c1d8       0x20 binaries/freemem.o
                                         0x38 (size before relaxing)
 .eh_frame      0x000000000011c1f8       0x20 binaries/getbuf.o
                                         0x38 (size before relaxing)
 .eh_frame      0x000000000011c218       0x20 binaries/getc.o
                                         0x38 (size before relaxing)
 .eh_frame      0x000000000011c238       0x20 binaries/getdev.o
                                         0x38 (size before relaxing)
 .eh_frame      0x000000000011c258       0x60 binaries/getitem.o
                                         0x78 (size before relaxing)
 .eh_frame      0x000000000011c2b8       0x20 binaries/getmem.o
                                         0x38 (size before relaxing)
 .eh_frame      0x000000000011c2d8       0x20 binaries/getpid.o
                                         0x38 (size before relaxing)
 .eh_frame      0x000000000011c2f8       0x20 binaries/getprio.o
                                         0x38 (size before relaxing)
 .eh_frame      0x000000000011c318       0x20 binaries/getstk.o
                                         0x38 (size before relaxing)
 .eh_frame      0x000000000011c338       0x20 binaries/getticks.o
                                         0x38 (size before relaxing)
 .eh_frame      0x000000000011c358       0x20 binaries/gettime.o
                                         0x38 (size before relaxing)
 .eh_frame      0x000000000011c378       0x20 binaries/getutime.o
                                         0x38 (size before relaxing)
 .eh_frame      0x000000000011c398       0x8c binaries/i386.o
                                         0xa4 (size before relaxing)
 .eh_frame      0x000000000011c424       0x20 binaries/init.o
                                         0x38 (size before relaxing)
 .eh_frame      0x000000000011c444       0xa0 binaries/initialize.o
                                         0xb8 (size before relaxing)
 .eh_frame      0x000000000011c4e4       0x20 binaries/insert.o
                                         0x38 (size before relaxing)
 .eh_frame      0x000000000011c504       0x20 binaries/insertd.o
                                         0x38 (size before relaxing)
 .eh_frame      0x000000000011c524       0x20 binaries/ioerr.o
                                         0x38 (size before relaxing)
 .eh_frame      0x000000000011c544       0x20 binaries/ionull.o
                                         0x38 (size before relaxing)
 .eh_frame      0x000000000011c564       0x20 binaries/kill.o
                                         0x38 (size before relaxing)
 .eh_frame      0x000000000011c584       0x60 binaries/kprintf.o
                                         0x78 (size before relaxing)
 .eh_frame      0x000000000011c5e4       0xfc binaries/main.o
                                        0x114 (size before relaxing)
 .eh_frame      0x000000000011c6e0       0x40 binaries/mark.o
                                         0x58 (size before relaxing)
 .eh_frame      0x000000000011c720       0x20 binaries/meminit.o
                                         0x38 (size before relaxing)
 .eh_frame      0x000000000011c740       0x20 binaries/mkbufpool.o
                                         0x38 (size before relaxing)
 .eh_frame      0x000000000011c760       0x20 binaries/newqueue.o
                                         0x38 (size before relaxing)
 .eh_frame      0x000000000011c780       0x20 binaries/open.o
                                         0x38 (size before relaxing)
 .eh_frame      0x000000000011c7a0       0x1c binaries/panic.o
                                         0x34 (size before relaxing)
 .eh_frame      0x000000000011c7bc      0x1c8 binaries/pci.o
                                        0x1e0 (size before relaxing)
 .eh_frame      0x000000000011c984       0x20 binaries/ptclear.o
                                         0x38 (size before relaxing)
 .eh_frame      0x000000000011c9a4       0x20 binaries/ptcount.o
                                         0x38 (size before relaxing)
 .eh_frame      0x000000000011c9c4       0x20 binaries/ptcreate.o
                                         0x38 (size before relaxing)
 .eh_frame      0x000000000011c9e4       0x20 binaries/ptdelete.o
                                         0x38 (size before relaxing)
 .eh_frame      0x000000000011ca04       0x20 binaries/ptinit.o
                                         0x38 (size before relaxing)
 .eh_frame      0x000000000011ca24       0x20 binaries/ptrecv.o
                                         0x38 (size before relaxing)
 .eh_frame      0x000000000011ca44       0x20 binaries/ptreset.o
                                         0x38 (size before relaxing)
 .eh_frame      0x000000000011ca64       0x20 binaries/ptsend.o
                                         0x38 (size before relaxing)
 .eh_frame      0x000000000011ca84       0x20 binaries/putc.o
                                         0x38 (size before relaxing)
 .eh_frame      0x000000000011caa4       0x40 binaries/queue.o
                                         0x58 (size before relaxing)
 .eh_frame      0x000000000011cae4       0x20 binaries/read.o
                                         0x38 (size before relaxing)
 .eh_frame      0x000000000011cb04       0x24 binaries/ready.o
                                         0x3c (size before relaxing)
 .eh_frame      0x000000000011cb28       0x20 binaries/receive.o
                                         0x38 (size before relaxing)
 .eh_frame      0x000000000011cb48       0x20 binaries/recvclr.o
                                         0x38 (size before relaxing)
 .eh_frame      0x000000000011cb68       0x20 binaries/recvtime.o
                                         0x38 (size before relaxing)
 .eh_frame      0x000000000011cb88       0x40 binaries/resched.o
                                         0x58 (size before relaxing)
 .eh_frame      0x000000000011cbc8       0x20 binaries/reschedule.o
                                         0x38 (size before relaxing)
 .eh_frame      0x000000000011cbe8       0x20 binaries/resume.o
                                         0x38 (size before relaxing)
 .eh_frame      0x000000000011cc08       0x20 binaries/seek.o
                                         0x38 (size before relaxing)
 .eh_frame      0x000000000011cc28       0x20 binaries/semcount.o
                                         0x38 (size before relaxing)
 .eh_frame      0x000000000011cc48       0x40 binaries/semcreate.o
                                         0x58 (size before relaxing)
 .eh_frame      0x000000000011cc88       0x20 binaries/semdelete.o
                                         0x38 (size before relaxing)
 .eh_frame      0x000000000011cca8       0x20 binaries/semreset.o
                                         0x38 (size before relaxing)
 .eh_frame      0x000000000011ccc8       0x20 binaries/send.o
                                         0x38 (size before relaxing)
 .eh_frame      0x000000000011cce8       0x20 binaries/signal.o
                                         0x38 (size before relaxing)
 .eh_frame      0x000000000011cd08       0x20 binaries/signaln.o
                                         0x38 (size before relaxing)
 .eh_frame      0x000000000011cd28       0x40 binaries/sleep.o
                                         0x58 (size before relaxing)
 .eh_frame      0x000000000011cd68       0x20 binaries/stacktrace.o
                                         0x38 (size before relaxing)
 .eh_frame      0x000000000011cd88       0x20 binaries/suspend.o
                                         0x38 (size before relaxing)
 .eh_frame      0x000000000011cda8       0x20 binaries/unsleep.o
                                         0x38 (size before relaxing)
 .eh_frame      0x000000000011cdc8       0x20 binaries/userret.o
                                         0x38 (size before relaxing)
 .eh_frame      0x000000000011cde8       0x20 binaries/wait.o
                                         0x38 (size before relaxing)
 .eh_frame      0x000000000011ce08       0x20 binaries/wakeup.o
                                         0x38 (size before relaxing)
 .eh_frame      0x000000000011ce28       0x20 binaries/write.o
                                         0x38 (size before relaxing)
 .eh_frame      0x000000000011ce48       0x20 binaries/xdone.o
                                         0x38 (size before relaxing)
 .eh_frame      0x000000000011ce68       0x20 binaries/yield.o
                                         0x38 (size before relaxing)
 .eh_frame      0x000000000011ce88       0x20 binaries/abs.o
                                         0x38 (size before relaxing)
 .eh_frame      0x000000000011cea8       0x20 binaries/atoi.o
                                         0x38 (size before relaxing)
 .eh_frame      0x000000000011cec8       0x20 binaries/atol.o
                                         0x38 (size before relaxing)
 .eh_frame      0x000000000011cee8       0x20 binaries/bzero.o
                                         0x38 (size before relaxing)
 .eh_frame      0x000000000011cf08       0xe0 binaries/doprnt.o
                                         0xf8 (size before relaxing)
 .eh_frame      0x000000000011cfe8       0xb0 binaries/doscan.o
                                         0xc8 (size before relaxing)
 .eh_frame      0x000000000011d098       0xc0 binaries/fdoprnt.o
                                         0xd8 (size before relaxing)
 .eh_frame      0x000000000011d158       0x20 binaries/fgetc.o
                                         0x38 (size before relaxing)
 .eh_frame      0x000000000011d178       0x20 binaries/fgets.o
                                         0x38 (size before relaxing)
 .eh_frame      0x000000000011d198       0x20 binaries/fprintf.o
                                         0x38 (size before relaxing)
 .eh_frame      0x000000000011d1b8       0x20 binaries/fputc.o
                                         0x38 (size before relaxing)
 .eh_frame      0x000000000011d1d8       0x20 binaries/fputs.o
                                         0x38 (size before relaxing)
 .eh_frame      0x000000000011d1f8       0x60 binaries/fscanf.o
                                         0x78 (size before relaxing)
 .eh_frame      0x000000000011d258       0x20 binaries/getchar.o
                                         0x38 (size before relaxing)
 .eh_frame      0x000000000011d278       0x20 binaries/labs.o
                                         0x38 (size before relaxing)
 .eh_frame      0x000000000011d298       0x20 binaries/memcmp.o
                                         0x38 (size before relaxing)
 .eh_frame      0x000000000011d2b8       0x24 binaries/memcpy.o
                                         0x3c (size before relaxing)
 .eh_frame      0x000000000011d2dc       0x24 binaries/memset.o
                                         0x3c (size before relaxing)
 .eh_frame      0x000000000011d300       0x20 binaries/printf.o
                                         0x38 (size before relaxing)
 .eh_frame      0x000000000011d320       0x20 binaries/putchar.o
                                         0x38 (size before relaxing)
 .eh_frame      0x000000000011d340       0xa8 binaries/qsort.o
                                         0xc0 (size before relaxing)
 .eh_frame      0x000000000011d3e8       0x60 binaries/rand.o
                                         0x78 (size before relaxing)
 .eh_frame      0x000000000011d448       0x40 binaries/sprintf.o
                                         0x58 (size before relaxing)
 .eh_frame      0x000000000011d488       0x60 binaries/sscanf.o
                                         0x78 (size before relaxing)
 .eh_frame      0x000000000011d4e8       0x20 binaries/strchr.o
                                         0x38 (size before relaxing)
 .eh_frame      0x000000000011d508       0x20 binaries/strcmp.o
                                         0x38 (size before relaxing)
 .eh_frame      0x000000000011d528       0x20 binaries/strcpy.o
                                         0x38 (size before relaxing)
 .eh_frame      0x000000000011d548       0x20 binaries/strlen.o
                                         0x38 (size before relaxing)
 .eh_frame      0x000000000011d568       0x20 binaries/strncat.o
                                         0x38 (size before relaxing)
 .eh_frame      0x000000000011d588       0x20 binaries/strncmp.o
                                         0x38 (size before relaxing)
 .eh_frame      0x000000000011d5a8       0x28 binaries/strncpy.o
                                         0x40 (size before relaxing)
 .eh_frame      0x000000000011d5d0       0x20 binaries/strnlen.o
                                         0x38 (size before relaxing)
 .eh_frame      0x000000000011d5f0       0x20 binaries/strrchr.o
                                         0x38 (size before relaxing)
 .eh_frame      0x000000000011d610       0x20 binaries/strstr.o
                                         0x38 (size before relaxing)
 .eh_frame      0x000000000011d630       0x20 binaries/ttycontrol.o
                                         0x38 (size before relaxing)
 .eh_frame      0x000000000011d650       0x20 binaries/ttygetc.o
                                         0x38 (size before relaxing)
 .eh_frame      0x000000000011d670       0x80 binaries/ttyhandle_in.o
                                         0x98 (size before relaxing)
 .eh_frame      0x000000000011d6f0       0x20 binaries/ttyhandle_out.o
                                         0x38 (size before relaxing)
 .eh_frame      0x000000000011d710       0x20 binaries/ttyhandler.o
                                         0x38 (size before relaxing)
 .eh_frame      0x000000000011d730       0x20 binaries/ttyinit.o
                                         0x38 (size before relaxing)
 .eh_frame      0x000000000011d750       0x20 binaries/ttykickout.o
                                         0x38 (size before relaxing)
 .eh_frame      0x000000000011d770       0x20 binaries/ttyputc.o
                                         0x38 (size before relaxing)
 .eh_frame      0x000000000011d790       0x24 binaries/ttyread.o
                                         0x3c (size before relaxing)
 .eh_frame      0x000000000011d7b4       0x20 binaries/ttywrite.o
                                         0x38 (size before relaxing)
 .eh_frame      0x000000000011d7d4       0x40 binaries/mount.o
                                         0x58 (size before relaxing)
 .eh_frame      0x000000000011d814       0x20 binaries/naminit.o
                                         0x38 (size before relaxing)
 .eh_frame      0x000000000011d834       0x60 binaries/nammap.o
                                         0x78 (size before relaxing)
 .eh_frame      0x000000000011d894       0x20 binaries/namopen.o
                                         0x38 (size before relaxing)
 .eh_frame      0x000000000011d8b4      0x150 binaries/82545EMInit.o
                                        0x168 (size before relaxing)
 .eh_frame      0x000000000011da04       0xa0 binaries/ethcontrol.o
                                         0xb8 (size before relaxing)
 .eh_frame      0x000000000011daa4       0x80 binaries/ethhandler.o
                                         0x98 (size before relaxing)
 .eh_frame      0x000000000011db24       0x20 binaries/ethinit.o
                                         0x38 (size before relaxing)
 .eh_frame      0x000000000011db44       0x60 binaries/ethread.o
                                         0x78 (size before relaxing)
 .eh_frame      0x000000000011dba4       0x60 binaries/ethwrite.o
                                         0x78 (size before relaxing)
 .eh_frame      0x000000000011dc04       0x20 binaries/rdsbufalloc.o
                                         0x38 (size before relaxing)
 .eh_frame      0x000000000011dc24       0x20 binaries/rdsclose.o
                                         0x38 (size before relaxing)
 .eh_frame      0x000000000011dc44       0x20 binaries/rdscomm.o
                                         0x38 (size before relaxing)
 .eh_frame      0x000000000011dc64       0x20 binaries/rdscontrol.o
                                         0x38 (size before relaxing)
 .eh_frame      0x000000000011dc84       0x20 binaries/rdsinit.o
                                         0x38 (size before relaxing)
 .eh_frame      0x000000000011dca4       0x20 binaries/rdsopen.o
                                         0x38 (size before relaxing)
 .eh_frame      0x000000000011dcc4       0x1c binaries/rdsprocess.o
                                         0x34 (size before relaxing)
 .eh_frame      0x000000000011dce0       0x20 binaries/rdsread.o
                                         0x38 (size before relaxing)
 .eh_frame      0x000000000011dd00       0x20 binaries/rdswrite.o
                                         0x38 (size before relaxing)
 .eh_frame      0x000000000011dd20       0x20 binaries/ramclose.o
                                         0x38 (size before relaxing)
 .eh_frame      0x000000000011dd40       0x20 binaries/raminit.o
                                         0x38 (size before relaxing)
 .eh_frame      0x000000000011dd60       0x20 binaries/ramopen.o
                                         0x38 (size before relaxing)
 .eh_frame      0x000000000011dd80       0x20 binaries/ramread.o
                                         0x38 (size before relaxing)
 .eh_frame      0x000000000011dda0       0x20 binaries/ramwrite.o
                                         0x38 (size before relaxing)
 .eh_frame      0x000000000011ddc0       0x20 binaries/lfdballoc.o
                                         0x38 (size before relaxing)
 .eh_frame      0x000000000011dde0       0x20 binaries/lfdbfree.o
                                         0x38 (size before relaxing)
 .eh_frame      0x000000000011de00       0x20 binaries/lfflush.o
                                         0x38 (size before relaxing)
 .eh_frame      0x000000000011de20       0x20 binaries/lfgetmode.o
                                         0x38 (size before relaxing)
 .eh_frame      0x000000000011de40       0x20 binaries/lfiballoc.o
                                         0x38 (size before relaxing)
 .eh_frame      0x000000000011de60       0x20 binaries/lfibclear.o
                                         0x38 (size before relaxing)
 .eh_frame      0x000000000011de80       0x20 binaries/lfibget.o
                                         0x38 (size before relaxing)
 .eh_frame      0x000000000011dea0       0x20 binaries/lfibput.o
                                         0x38 (size before relaxing)
 .eh_frame      0x000000000011dec0       0x20 binaries/lflclose.o
                                         0x38 (size before relaxing)
 .eh_frame      0x000000000011dee0       0x20 binaries/lflcontrol.o
                                         0x38 (size before relaxing)
 .eh_frame      0x000000000011df00       0x20 binaries/lflgetc.o
                                         0x38 (size before relaxing)
 .eh_frame      0x000000000011df20       0x20 binaries/lflinit.o
                                         0x38 (size before relaxing)
 .eh_frame      0x000000000011df40       0x20 binaries/lflputc.o
                                         0x38 (size before relaxing)
 .eh_frame      0x000000000011df60       0x20 binaries/lflread.o
                                         0x38 (size before relaxing)
 .eh_frame      0x000000000011df80       0x20 binaries/lflseek.o
                                         0x38 (size before relaxing)
 .eh_frame      0x000000000011dfa0       0x20 binaries/lflwrite.o
                                         0x38 (size before relaxing)
 .eh_frame      0x000000000011dfc0       0x20 binaries/lfscheck.o
                                         0x38 (size before relaxing)
 .eh_frame      0x000000000011dfe0       0x20 binaries/lfsckfmt.o
                                         0x38 (size before relaxing)
 .eh_frame      0x000000000011e000       0x20 binaries/lfscreate.o
                                         0x38 (size before relaxing)
 .eh_frame      0x000000000011e020       0x20 binaries/lfsetup.o
                                         0x38 (size before relaxing)
 .eh_frame      0x000000000011e040       0x20 binaries/lfsinit.o
                                         0x38 (size before relaxing)
 .eh_frame      0x000000000011e060       0x20 binaries/lfsopen.o
                                         0x38 (size before relaxing)
 .eh_frame      0x000000000011e080       0x20 binaries/lftruncate.o
                                         0x38 (size before relaxing)
 .eh_frame      0x000000000011e0a0       0x20 binaries/rflclose.o
                                         0x38 (size before relaxing)
 .eh_frame      0x000000000011e0c0       0x20 binaries/rflgetc.o
                                         0x38 (size before relaxing)
 .eh_frame      0x000000000011e0e0       0x20 binaries/rflinit.o
                                         0x38 (size before relaxing)
 .eh_frame      0x000000000011e100       0x20 binaries/rflputc.o
                                         0x38 (size before relaxing)
 .eh_frame      0x000000000011e120       0x20 binaries/rflread.o
                                         0x38 (size before relaxing)
 .eh_frame      0x000000000011e140       0x20 binaries/rflseek.o
                                         0x38 (size before relaxing)
 .eh_frame      0x000000000011e160       0x20 binaries/rflwrite.o
                                         0x38 (size before relaxing)
 .eh_frame      0x000000000011e180       0x20 binaries/rfscomm.o
                                         0x38 (size before relaxing)
 .eh_frame      0x000000000011e1a0       0x20 binaries/rfscontrol.o
                                         0x38 (size before relaxing)
 .eh_frame      0x000000000011e1c0       0x20 binaries/rfsgetmode.o
                                         0x38 (size before relaxing)
 .eh_frame      0x000000000011e1e0       0x20 binaries/rfsinit.o
                                         0x38 (size before relaxing)
 .eh_frame      0x000000000011e200       0x20 binaries/rfsndmsg.o
                                         0x38 (size before relaxing)
 .eh_frame      0x000000000011e220       0x20 binaries/rfsopen.o
                                         0x38 (size before relaxing)
 .eh_frame      0x000000000011e240       0xc0 binaries/arp.o
                                         0xd8 (size before relaxing)
 .eh_frame      0x000000000011e300       0xa0 binaries/dhcp.o
                                         0xb8 (size before relaxing)
 .eh_frame      0x000000000011e3a0       0x80 binaries/dns.o
                                         0x98 (size before relaxing)
 .eh_frame      0x000000000011e420       0x20 binaries/dot2ip.o
                                         0x38 (size before relaxing)
 .eh_frame      0x000000000011e440       0x40 binaries/hexdump.o
                                         0x58 (size before relaxing)
 .eh_frame      0x000000000011e480      0x14c binaries/icmp.o
                                        0x164 (size before relaxing)
 .eh_frame      0x000000000011e5cc      0x11c binaries/ip.o
                                        0x134 (size before relaxing)
 .eh_frame      0x000000000011e6e8       0xa0 binaries/net.o
                                         0xb8 (size before relaxing)
 .eh_frame      0x000000000011e788       0x60 binaries/pdump.o
                                         0x78 (size before relaxing)
 .eh_frame      0x000000000011e7e8       0x60 binaries/tftp.o
                                         0x78 (size before relaxing)
 .eh_frame      0x000000000011e848      0x140 binaries/udp.o
                                        0x158 (size before relaxing)
 .eh_frame      0x000000000011e988       0x20 binaries/addargs.o
                                         0x38 (size before relaxing)
 .eh_frame      0x000000000011e9a8       0x20 binaries/lexan.o
                                         0x38 (size before relaxing)
 .eh_frame      0x000000000011e9c8       0x20 binaries/shell.o
                                         0x38 (size before relaxing)
 .eh_frame      0x000000000011e9e8       0x20 binaries/xsh_argecho.o
                                         0x38 (size before relaxing)
 .eh_frame      0x000000000011ea08       0x40 binaries/xsh_arp.o
                                         0x58 (size before relaxing)
 .eh_frame      0x000000000011ea48       0x20 binaries/xsh_cat.o
                                         0x38 (size before relaxing)
 .eh_frame      0x000000000011ea68       0x20 binaries/xsh_clear.o
                                         0x38 (size before relaxing)
 .eh_frame      0x000000000011ea88       0x20 binaries/xsh_date.o
                                         0x38 (size before relaxing)
 .eh_frame      0x000000000011eaa8       0x20 binaries/xsh_devdump.o
                                         0x38 (size before relaxing)
 .eh_frame      0x000000000011eac8       0x20 binaries/xsh_echo.o
                                         0x38 (size before relaxing)
 .eh_frame      0x000000000011eae8       0x20 binaries/xsh_exit.o
                                         0x38 (size before relaxing)
 .eh_frame      0x000000000011eb08       0x20 binaries/xsh_help.o
                                         0x38 (size before relaxing)
 .eh_frame      0x000000000011eb28       0x20 binaries/xsh_kill.o
                                         0x38 (size before relaxing)
 .eh_frame      0x000000000011eb48       0x40 binaries/xsh_memdump.o
                                         0x58 (size before relaxing)
 .eh_frame      0x000000000011eb88       0x60 binaries/xsh_memstat.o
                                         0x78 (size before relaxing)
 .eh_frame      0x000000000011ebe8       0x30 binaries/xsh_netinfo.o
                                         0x48 (size before relaxing)
 .eh_frame      0x000000000011ec18       0x24 binaries/xsh_ping.o
                                         0x3c (size before relaxing)
 .eh_frame      0x000000000011ec3c       0x30 binaries/xsh_ps.o
                                         0x48 (size before relaxing)
 .eh_frame      0x000000000011ec6c       0x20 binaries/xsh_sleep.o
                                         0x38 (size before relaxing)
 .eh_frame      0x000000000011ec8c       0x20 binaries/xsh_udpdump.o
                                         0x38 (size before relaxing)
 .eh_frame      0x000000000011ecac       0x30 binaries/xsh_udpecho.o
                                         0x48 (size before relaxing)
 .eh_frame      0x000000000011ecdc       0x24 binaries/xsh_udpserver.o
                                         0x3c (size before relaxing)
 .eh_frame      0x000000000011ed00       0x20 binaries/xsh_uptime.o
                                         0x38 (size before relaxing)

.iplt           0x000000000011ed20        0x0
 .iplt          0x000000000011ed20        0x0 binaries/start.o

.rel.dyn        0x000000000011ed20        0x0
 .rel.iplt      0x000000000011ed20        0x0 binaries/start.o
 .rel.text      0x000000000011ed20        0x0 binaries/start.o
 .rel.data      0x000000000011ed20        0x0 binaries/start.o
 .rel.rodata    0x000000000011ed20        0x0 binaries/start.o

.data           0x000000000011ed20     0x12e0
                0x000000000011ed20                data = ABSOLUTE (.)
 *(.data .data.*)
 .data          0x000000000011ed20      0x460 binaries/start.o
                0x000000000011ed20                gdt
                0x000000000011ed60                gdtr
                0x000000000011ed66                idt
                0x000000000011f166                idtr
                0x000000000011f16c                cpudelay
                0x000000000011f170                _bootdev
                0x000000000011f174                _cyloffset
 .data          0x000000000011f180       0x88 binaries/ascdate.o
                0x000000000011f180                Date
 .data          0x000000000011f208        0x0 binaries/bufinit.o
 .data          0x000000000011f208        0x0 binaries/chprio.o
 .data          0x000000000011f208        0x4 binaries/clkhandler.o
 .data          0x000000000011f20c        0x0 binaries/clkinit.o
 .data          0x000000000011f20c        0x0 binaries/close.o
 *fill*         0x000000000011f20c       0x14 
 .data          0x000000000011f220      0x5a0 binaries/conf.o
                0x000000000011f220                devtab
 .data          0x000000000011f7c0        0x0 binaries/control.o
 .data          0x000000000011f7c0        0x4 binaries/create.o
 *fill*         0x000000000011f7c4       0x1c 
 .data          0x000000000011f7e0       0x40 binaries/evec.o
                0x000000000011f7e0                inames
 .data          0x000000000011f820        0x0 binaries/exit.o
 .data          0x000000000011f820        0x0 binaries/freebuf.o
 .data          0x000000000011f820        0x0 binaries/freemem.o
 .data          0x000000000011f820        0x0 binaries/getbuf.o
 .data          0x000000000011f820        0x0 binaries/getc.o
 .data          0x000000000011f820        0x0 binaries/getdev.o
 .data          0x000000000011f820        0x0 binaries/getitem.o
 .data          0x000000000011f820        0x0 binaries/getmem.o
 .data          0x000000000011f820        0x0 binaries/getpid.o
 .data          0x000000000011f820        0x0 binaries/getprio.o
 .data          0x000000000011f820        0x0 binaries/getstk.o
 .data          0x000000000011f820        0x0 binaries/getticks.o
 .data          0x000000000011f820        0x0 binaries/gettime.o
 .data          0x000000000011f820        0x0 binaries/getutime.o
 .data          0x000000000011f820       0x40 binaries/i386.o
                0x000000000011f820                gdt_copy
 .data          0x000000000011f860        0x0 binaries/init.o
 .data          0x000000000011f860        0x0 binaries/initialize.o
 .data          0x000000000011f860        0x0 binaries/insert.o
 .data          0x000000000011f860        0x0 binaries/insertd.o
 .data          0x000000000011f860        0x0 binaries/ioerr.o
 .data          0x000000000011f860        0x0 binaries/ionull.o
 .data          0x000000000011f860        0x0 binaries/kill.o
 .data          0x000000000011f860        0x0 binaries/kprintf.o
 .data          0x000000000011f860        0x4 binaries/main.o
[...]
 .comment       0x000000000000001d       0x1e binaries/dhcp.o
 .comment       0x000000000000001d       0x1e binaries/dns.o
 .comment       0x000000000000001d       0x1e binaries/dot2ip.o
 .comment       0x000000000000001d       0x1e binaries/hexdump.o
 .comment       0x000000000000001d       0x1e binaries/icmp.o
 .comment       0x000000000000001d       0x1e binaries/ip.o
 .comment       0x000000000000001d       0x1e binaries/net.o
 .comment       0x000000000000001d       0x1e binaries/pdump.o
 .comment       0x000000000000001d       0x1e binaries/tftp.o
 .comment       0x000000000000001d       0x1e binaries/udp.o
 .comment       0x000000000000001d       0x1e binaries/addargs.o
 .comment       0x000000000000001d       0x1e binaries/lexan.o
 .comment       0x000000000000001d       0x1e binaries/shell.o
 .comment       0x000000000000001d       0x1e binaries/xsh_argecho.o
 .comment       0x000000000000001d       0x1e binaries/xsh_arp.o
 .comment       0x000000000000001d       0x1e binaries/xsh_cat.o
 .comment       0x000000000000001d       0x1e binaries/xsh_clear.o
 .comment       0x000000000000001d       0x1e binaries/xsh_date.o
 .comment       0x000000000000001d       0x1e binaries/xsh_devdump.o
 .comment       0x000000000000001d       0x1e binaries/xsh_echo.o
 .comment       0x000000000000001d       0x1e binaries/xsh_exit.o
 .comment       0x000000000000001d       0x1e binaries/xsh_help.o
 .comment       0x000000000000001d       0x1e binaries/xsh_kill.o
 .comment       0x000000000000001d       0x1e binaries/xsh_memdump.o
 .comment       0x000000000000001d       0x1e binaries/xsh_memstat.o
 .comment       0x000000000000001d       0x1e binaries/xsh_netinfo.o
 .comment       0x000000000000001d       0x1e binaries/xsh_ping.o
 .comment       0x000000000000001d       0x1e binaries/xsh_ps.o
 .comment       0x000000000000001d       0x1e binaries/xsh_sleep.o
 .comment       0x000000000000001d       0x1e binaries/xsh_udpdump.o
 .comment       0x000000000000001d       0x1e binaries/xsh_udpecho.o
 .comment       0x000000000000001d       0x1e binaries/xsh_udpserver.o
 .comment       0x000000000000001d       0x1e binaries/xsh_uptime.o

.note.GNU-stack
                0x0000000000000000        0x0
 .note.GNU-stack
                0x0000000000000000        0x0 binaries/ascdate.o
 .note.GNU-stack
                0x0000000000000000        0x0 binaries/bufinit.o
 .note.GNU-stack
                0x0000000000000000        0x0 binaries/chprio.o
 .note.GNU-stack
                0x0000000000000000        0x0 binaries/clkhandler.o
 .note.GNU-stack
                0x0000000000000000        0x0 binaries/clkinit.o
 .note.GNU-stack
                0x0000000000000000        0x0 binaries/close.o
 .note.GNU-stack
                0x0000000000000000        0x0 binaries/conf.o
 .note.GNU-stack
                0x0000000000000000        0x0 binaries/control.o
 .note.GNU-stack
                0x0000000000000000        0x0 binaries/create.o
 .note.GNU-stack
                0x0000000000000000        0x0 binaries/evec.o
 .note.GNU-stack
                0x0000000000000000        0x0 binaries/exit.o
 .note.GNU-stack
                0x0000000000000000        0x0 binaries/freebuf.o
 .note.GNU-stack
                0x0000000000000000        0x0 binaries/freemem.o
 .note.GNU-stack
                0x0000000000000000        0x0 binaries/getbuf.o
 .note.GNU-stack
                0x0000000000000000        0x0 binaries/getc.o
 .note.GNU-stack
                0x0000000000000000        0x0 binaries/getdev.o
 .note.GNU-stack
                0x0000000000000000        0x0 binaries/getitem.o
 .note.GNU-stack
                0x0000000000000000        0x0 binaries/getmem.o
 .note.GNU-stack
                0x0000000000000000        0x0 binaries/getpid.o
 .note.GNU-stack
                0x0000000000000000        0x0 binaries/getprio.o
 .note.GNU-stack
                0x0000000000000000        0x0 binaries/getstk.o
 .note.GNU-stack
                0x0000000000000000        0x0 binaries/getticks.o
 .note.GNU-stack
                0x0000000000000000        0x0 binaries/gettime.o
 .note.GNU-stack
                0x0000000000000000        0x0 binaries/getutime.o
 .note.GNU-stack
                0x0000000000000000        0x0 binaries/i386.o
 .note.GNU-stack
                0x0000000000000000        0x0 binaries/init.o
 .note.GNU-stack
                0x0000000000000000        0x0 binaries/initialize.o
 .note.GNU-stack
                0x0000000000000000        0x0 binaries/insert.o
 .note.GNU-stack
                0x0000000000000000        0x0 binaries/insertd.o
 .note.GNU-stack
                0x0000000000000000        0x0 binaries/ioerr.o
 .note.GNU-stack
                0x0000000000000000        0x0 binaries/ionull.o
 .note.GNU-stack
                0x0000000000000000        0x0 binaries/kill.o
 .note.GNU-stack
                0x0000000000000000        0x0 binaries/kprintf.o
 .note.GNU-stack
                0x0000000000000000        0x0 binaries/main.o
 .note.GNU-stack
                0x0000000000000000        0x0 binaries/mark.o
 .note.GNU-stack
                0x0000000000000000        0x0 binaries/meminit.o
 .note.GNU-stack
                0x0000000000000000        0x0 binaries/mkbufpool.o
 .note.GNU-stack
                0x0000000000000000        0x0 binaries/newqueue.o
 .note.GNU-stack
                0x0000000000000000        0x0 binaries/open.o
 .note.GNU-stack
                0x0000000000000000        0x0 binaries/panic.o
 .note.GNU-stack
                0x0000000000000000        0x0 binaries/pci.o
 .note.GNU-stack
                0x0000000000000000        0x0 binaries/ptclear.o
 .note.GNU-stack
                0x0000000000000000        0x0 binaries/ptcount.o
 .note.GNU-stack
                0x0000000000000000        0x0 binaries/ptcreate.o
 .note.GNU-stack
                0x0000000000000000        0x0 binaries/ptdelete.o
 .note.GNU-stack
                0x0000000000000000        0x0 binaries/ptinit.o
 .note.GNU-stack
                0x0000000000000000        0x0 binaries/ptrecv.o
 .note.GNU-stack
                0x0000000000000000        0x0 binaries/ptreset.o
 .note.GNU-stack
                0x0000000000000000        0x0 binaries/ptsend.o
 .note.GNU-stack
                0x0000000000000000        0x0 binaries/putc.o
 .note.GNU-stack
                0x0000000000000000        0x0 binaries/queue.o
 .note.GNU-stack
                0x0000000000000000        0x0 binaries/read.o
 .note.GNU-stack
                0x0000000000000000        0x0 binaries/ready.o
 .note.GNU-stack
                0x0000000000000000        0x0 binaries/receive.o
 .note.GNU-stack
                0x0000000000000000        0x0 binaries/recvclr.o
 .note.GNU-stack
                0x0000000000000000        0x0 binaries/recvtime.o
 .note.GNU-stack
                0x0000000000000000        0x0 binaries/resched.o
 .note.GNU-stack
                0x0000000000000000        0x0 binaries/reschedule.o
 .note.GNU-stack
                0x0000000000000000        0x0 binaries/resume.o
 .note.GNU-stack
                0x0000000000000000        0x0 binaries/seek.o
 .note.GNU-stack
                0x0000000000000000        0x0 binaries/semcount.o
 .note.GNU-stack
                0x0000000000000000        0x0 binaries/semcreate.o
 .note.GNU-stack
                0x0000000000000000        0x0 binaries/semdelete.o
 .note.GNU-stack
                0x0000000000000000        0x0 binaries/semreset.o
 .note.GNU-stack
                0x0000000000000000        0x0 binaries/send.o
 .note.GNU-stack
                0x0000000000000000        0x0 binaries/signal.o
 .note.GNU-stack
                0x0000000000000000        0x0 binaries/signaln.o
 .note.GNU-stack
                0x0000000000000000        0x0 binaries/sleep.o
 .note.GNU-stack
                0x0000000000000000        0x0 binaries/stacktrace.o
 .note.GNU-stack
                0x0000000000000000        0x0 binaries/suspend.o
 .note.GNU-stack
                0x0000000000000000        0x0 binaries/unsleep.o
 .note.GNU-stack
                0x0000000000000000        0x0 binaries/userret.o
 .note.GNU-stack
                0x0000000000000000        0x0 binaries/wait.o
 .note.GNU-stack
                0x0000000000000000        0x0 binaries/wakeup.o
 .note.GNU-stack
                0x0000000000000000        0x0 binaries/write.o
 .note.GNU-stack
                0x0000000000000000        0x0 binaries/xdone.o
 .note.GNU-stack
                0x0000000000000000        0x0 binaries/yield.o
 .note.GNU-stack
                0x0000000000000000        0x0 binaries/abs.o
 .note.GNU-stack
                0x0000000000000000        0x0 binaries/atoi.o
 .note.GNU-stack
                0x0000000000000000        0x0 binaries/atol.o
 .note.GNU-stack
                0x0000000000000000        0x0 binaries/bzero.o
 .note.GNU-stack
                0x0000000000000000        0x0 binaries/ctype_.o
 .note.GNU-stack
                0x0000000000000000        0x0 binaries/doprnt.o
 .note.GNU-stack
                0x0000000000000000        0x0 binaries/doscan.o
 .note.GNU-stack
                0x0000000000000000        0x0 binaries/fdoprnt.o
 .note.GNU-stack
                0x0000000000000000        0x0 binaries/fgetc.o
 .note.GNU-stack
                0x0000000000000000        0x0 binaries/fgets.o
 .note.GNU-stack
                0x0000000000000000        0x0 binaries/fprintf.o
 .note.GNU-stack
                0x0000000000000000        0x0 binaries/fputc.o
 .note.GNU-stack
                0x0000000000000000        0x0 binaries/fputs.o
 .note.GNU-stack
                0x0000000000000000        0x0 binaries/fscanf.o
 .note.GNU-stack
                0x0000000000000000        0x0 binaries/getchar.o
 .note.GNU-stack
                0x0000000000000000        0x0 binaries/labs.o
 .note.GNU-stack
                0x0000000000000000        0x0 binaries/memchr.o
 .note.GNU-stack
                0x0000000000000000        0x0 binaries/memcmp.o
 .note.GNU-stack
                0x0000000000000000        0x0 binaries/memcpy.o
 .note.GNU-stack
                0x0000000000000000        0x0 binaries/memset.o
 .note.GNU-stack
                0x0000000000000000        0x0 binaries/printf.o
 .note.GNU-stack
                0x0000000000000000        0x0 binaries/putchar.o
 .note.GNU-stack
                0x0000000000000000        0x0 binaries/qsort.o
 .note.GNU-stack
                0x0000000000000000        0x0 binaries/rand.o
 .note.GNU-stack
                0x0000000000000000        0x0 binaries/sprintf.o
 .note.GNU-stack
                0x0000000000000000        0x0 binaries/sscanf.o
 .note.GNU-stack
                0x0000000000000000        0x0 binaries/strchr.o
 .note.GNU-stack
                0x0000000000000000        0x0 binaries/strcmp.o
 .note.GNU-stack
                0x0000000000000000        0x0 binaries/strcpy.o
 .note.GNU-stack
                0x0000000000000000        0x0 binaries/strlen.o
 .note.GNU-stack
                0x0000000000000000        0x0 binaries/strncat.o
 .note.GNU-stack
                0x0000000000000000        0x0 binaries/strncmp.o
 .note.GNU-stack
                0x0000000000000000        0x0 binaries/strncpy.o
 .note.GNU-stack
                0x0000000000000000        0x0 binaries/strnlen.o
 .note.GNU-stack
                0x0000000000000000        0x0 binaries/strrchr.o
 .note.GNU-stack
                0x0000000000000000        0x0 binaries/strstr.o
 .note.GNU-stack
                0x0000000000000000        0x0 binaries/ttycontrol.o
 .note.GNU-stack
                0x0000000000000000        0x0 binaries/ttygetc.o
 .note.GNU-stack
                0x0000000000000000        0x0 binaries/ttyhandle_in.o
 .note.GNU-stack
                0x0000000000000000        0x0 binaries/ttyhandle_out.o
 .note.GNU-stack
                0x0000000000000000        0x0 binaries/ttyhandler.o
 .note.GNU-stack
                0x0000000000000000        0x0 binaries/ttyinit.o
 .note.GNU-stack
                0x0000000000000000        0x0 binaries/ttykickout.o
 .note.GNU-stack
                0x0000000000000000        0x0 binaries/ttyputc.o
 .note.GNU-stack
                0x0000000000000000        0x0 binaries/ttyread.o
 .note.GNU-stack
                0x0000000000000000        0x0 binaries/ttywrite.o
 .note.GNU-stack
                0x0000000000000000        0x0 binaries/mount.o
 .note.GNU-stack
                0x0000000000000000        0x0 binaries/naminit.o
 .note.GNU-stack
                0x0000000000000000        0x0 binaries/nammap.o
 .note.GNU-stack
                0x0000000000000000        0x0 binaries/namopen.o
 .note.GNU-stack
                0x0000000000000000        0x0 binaries/82545EMInit.o
 .note.GNU-stack
                0x0000000000000000        0x0 binaries/ethcontrol.o
 .note.GNU-stack
                0x0000000000000000        0x0 binaries/ethhandler.o
 .note.GNU-stack
                0x0000000000000000        0x0 binaries/ethinit.o
 .note.GNU-stack
                0x0000000000000000        0x0 binaries/ethread.o
 .note.GNU-stack
                0x0000000000000000        0x0 binaries/ethwrite.o
 .note.GNU-stack
                0x0000000000000000        0x0 binaries/rdsbufalloc.o
 .note.GNU-stack
                0x0000000000000000        0x0 binaries/rdsclose.o
 .note.GNU-stack
                0x0000000000000000        0x0 binaries/rdscomm.o
 .note.GNU-stack
                0x0000000000000000        0x0 binaries/rdscontrol.o
 .note.GNU-stack
                0x0000000000000000        0x0 binaries/rdsinit.o
 .note.GNU-stack
                0x0000000000000000        0x0 binaries/rdsopen.o
 .note.GNU-stack
                0x0000000000000000        0x0 binaries/rdsprocess.o
 .note.GNU-stack
                0x0000000000000000        0x0 binaries/rdsread.o
 .note.GNU-stack
                0x0000000000000000        0x0 binaries/rdswrite.o
 .note.GNU-stack
                0x0000000000000000        0x0 binaries/ramclose.o
 .note.GNU-stack
                0x0000000000000000        0x0 binaries/raminit.o
 .note.GNU-stack
                0x0000000000000000        0x0 binaries/ramopen.o
 .note.GNU-stack
                0x0000000000000000        0x0 binaries/ramread.o
 .note.GNU-stack
                0x0000000000000000        0x0 binaries/ramwrite.o
 .note.GNU-stack
                0x0000000000000000        0x0 binaries/lfdballoc.o
 .note.GNU-stack
                0x0000000000000000        0x0 binaries/lfdbfree.o
 .note.GNU-stack
                0x0000000000000000        0x0 binaries/lfflush.o
 .note.GNU-stack
                0x0000000000000000        0x0 binaries/lfgetmode.o
 .note.GNU-stack
                0x0000000000000000        0x0 binaries/lfiballoc.o
 .note.GNU-stack
                0x0000000000000000        0x0 binaries/lfibclear.o
 .note.GNU-stack
                0x0000000000000000        0x0 binaries/lfibget.o
 .note.GNU-stack
                0x0000000000000000        0x0 binaries/lfibput.o
 .note.GNU-stack
                0x0000000000000000        0x0 binaries/lflclose.o
 .note.GNU-stack
                0x0000000000000000        0x0 binaries/lflcontrol.o
 .note.GNU-stack
                0x0000000000000000        0x0 binaries/lflgetc.o
 .note.GNU-stack
                0x0000000000000000        0x0 binaries/lflinit.o
 .note.GNU-stack
                0x0000000000000000        0x0 binaries/lflputc.o
 .note.GNU-stack
                0x0000000000000000        0x0 binaries/lflread.o
 .note.GNU-stack
                0x0000000000000000        0x0 binaries/lflseek.o
 .note.GNU-stack
                0x0000000000000000        0x0 binaries/lflwrite.o
 .note.GNU-stack
                0x0000000000000000        0x0 binaries/lfscheck.o
 .note.GNU-stack
                0x0000000000000000        0x0 binaries/lfsckfmt.o
 .note.GNU-stack
                0x0000000000000000        0x0 binaries/lfscreate.o
 .note.GNU-stack
                0x0000000000000000        0x0 binaries/lfsetup.o
 .note.GNU-stack
                0x0000000000000000        0x0 binaries/lfsinit.o
 .note.GNU-stack
                0x0000000000000000        0x0 binaries/lfsopen.o
 .note.GNU-stack
                0x0000000000000000        0x0 binaries/lftruncate.o
 .note.GNU-stack
                0x0000000000000000        0x0 binaries/rflclose.o
 .note.GNU-stack
                0x0000000000000000        0x0 binaries/rflgetc.o
 .note.GNU-stack
                0x0000000000000000        0x0 binaries/rflinit.o
 .note.GNU-stack
                0x0000000000000000        0x0 binaries/rflputc.o
 .note.GNU-stack
                0x0000000000000000        0x0 binaries/rflread.o
 .note.GNU-stack
                0x0000000000000000        0x0 binaries/rflseek.o
 .note.GNU-stack
                0x0000000000000000        0x0 binaries/rflwrite.o
 .note.GNU-stack
                0x0000000000000000        0x0 binaries/rfscomm.o
 .note.GNU-stack
                0x0000000000000000        0x0 binaries/rfscontrol.o
 .note.GNU-stack
                0x0000000000000000        0x0 binaries/rfsgetmode.o
 .note.GNU-stack
                0x0000000000000000        0x0 binaries/rfsinit.o
 .note.GNU-stack
                0x0000000000000000        0x0 binaries/rfsndmsg.o
 .note.GNU-stack
                0x0000000000000000        0x0 binaries/rfsopen.o
 .note.GNU-stack
                0x0000000000000000        0x0 binaries/arp.o
 .note.GNU-stack
                0x0000000000000000        0x0 binaries/dhcp.o
 .note.GNU-stack
                0x0000000000000000        0x0 binaries/dns.o
 .note.GNU-stack
                0x0000000000000000        0x0 binaries/dot2ip.o
 .note.GNU-stack
                0x0000000000000000        0x0 binaries/hexdump.o
 .note.GNU-stack
                0x0000000000000000        0x0 binaries/icmp.o
 .note.GNU-stack
                0x0000000000000000        0x0 binaries/ip.o
 .note.GNU-stack
                0x0000000000000000        0x0 binaries/net.o
 .note.GNU-stack
                0x0000000000000000        0x0 binaries/pdump.o
 .note.GNU-stack
                0x0000000000000000        0x0 binaries/tftp.o
 .note.GNU-stack
                0x0000000000000000        0x0 binaries/udp.o
 .note.GNU-stack
                0x0000000000000000        0x0 binaries/addargs.o
 .note.GNU-stack
                0x0000000000000000        0x0 binaries/lexan.o
 .note.GNU-stack
                0x0000000000000000        0x0 binaries/shell.o
 .note.GNU-stack
                0x0000000000000000        0x0 binaries/xsh_argecho.o
 .note.GNU-stack
                0x0000000000000000        0x0 binaries/xsh_arp.o
 .note.GNU-stack
                0x0000000000000000        0x0 binaries/xsh_cat.o
 .note.GNU-stack
                0x0000000000000000        0x0 binaries/xsh_clear.o
 .note.GNU-stack
                0x0000000000000000        0x0 binaries/xsh_date.o
 .note.GNU-stack
                0x0000000000000000        0x0 binaries/xsh_devdump.o
 .note.GNU-stack
                0x0000000000000000        0x0 binaries/xsh_echo.o
 .note.GNU-stack
                0x0000000000000000        0x0 binaries/xsh_exit.o
 .note.GNU-stack
                0x0000000000000000        0x0 binaries/xsh_help.o
 .note.GNU-stack
                0x0000000000000000        0x0 binaries/xsh_kill.o
 .note.GNU-stack
                0x0000000000000000        0x0 binaries/xsh_memdump.o
 .note.GNU-stack
                0x0000000000000000        0x0 binaries/xsh_memstat.o
 .note.GNU-stack
                0x0000000000000000        0x0 binaries/xsh_netinfo.o
 .note.GNU-stack
                0x0000000000000000        0x0 binaries/xsh_ping.o
 .note.GNU-stack
                0x0000000000000000        0x0 binaries/xsh_ps.o
 .note.GNU-stack
                0x0000000000000000        0x0 binaries/xsh_sleep.o
 .note.GNU-stack
                0x0000000000000000        0x0 binaries/xsh_udpdump.o
 .note.GNU-stack
                0x0000000000000000        0x0 binaries/xsh_udpecho.o
 .note.GNU-stack
                0x0000000000000000        0x0 binaries/xsh_udpserver.o
 .note.GNU-stack
                0x0000000000000000        0x0 binaries/xsh_uptime.o
